
Dataset dcase2020task3 is being developed......

{"stage": "hashing_actual_waveform_inputs", "files": 500}
/work/zhanghc/Myllm/SELD/EINV2/.venvs/einv2-cu121/lib/python3.10/site-packages/torch/nn/modules/transformer.py:307: UserWarning: enable_nested_tensor is True, but self.use_nested_tensor is False because encoder_layer.self_attn.batch_first was not True(use batch_first for better inference performance)
  warnings.warn(f"enable_nested_tensor is True, but self.use_nested_tensor is False because {why_not_sparsity_fast_path}")
/work/zhanghc/Myllm/SELD/reports/baseline_repeat_recovery_20260909/runtime/models/einv2/variants/C3/seld/methods/ein_seld/data.py:379: UserWarning: Creating a tensor from a list of numpy.ndarrays is extremely slow. Please consider converting the list to a single numpy.ndarray with numpy.array() before converting to a tensor. (Triggered internally at ../torch/csrc/utils/tensor_new.cpp:278.)
  'waveform': torch.tensor(batch_x, dtype=torch.float32)
/work/zhanghc/Myllm/SELD/reports/baseline_repeat_recovery_20260909/runtime/models/einv2/variants/C3/seld/methods/ein_seld/data.py:379: UserWarning: Creating a tensor from a list of numpy.ndarrays is extremely slow. Please consider converting the list to a single numpy.ndarray with numpy.array() before converting to a tensor. (Triggered internally at ../torch/csrc/utils/tensor_new.cpp:278.)
  'waveform': torch.tensor(batch_x, dtype=torch.float32)
/work/zhanghc/Myllm/SELD/reports/baseline_repeat_recovery_20260909/runtime/models/einv2/variants/C3/seld/methods/ein_seld/data.py:379: UserWarning: Creating a tensor from a list of numpy.ndarrays is extremely slow. Please consider converting the list to a single numpy.ndarray with numpy.array() before converting to a tensor. (Triggered internally at ../torch/csrc/utils/tensor_new.cpp:278.)
  'waveform': torch.tensor(batch_x, dtype=torch.float32)
/work/zhanghc/Myllm/SELD/reports/baseline_repeat_recovery_20260909/runtime/models/einv2/variants/C3/seld/methods/ein_seld/data.py:379: UserWarning: Creating a tensor from a list of numpy.ndarrays is extremely slow. Please consider converting the list to a single numpy.ndarray with numpy.array() before converting to a tensor. (Triggered internally at ../torch/csrc/utils/tensor_new.cpp:278.)
  'waveform': torch.tensor(batch_x, dtype=torch.float32)
{"batch": 1, "batches": 235, "recordings": 2, "elapsed_seconds": 15.674366474151611}
{"batch": 2, "batches": 235, "recordings": 4, "elapsed_seconds": 16.133350610733032}
{"batch": 3, "batches": 235, "recordings": 6, "elapsed_seconds": 16.56022071838379}
{"batch": 4, "batches": 235, "recordings": 8, "elapsed_seconds": 17.037774801254272}
{"batch": 5, "batches": 235, "recordings": 10, "elapsed_seconds": 17.48264241218567}
{"batch": 6, "batches": 235, "recordings": 12, "elapsed_seconds": 17.919398546218872}
{"batch": 7, "batches": 235, "recordings": 14, "elapsed_seconds": 18.355902433395386}
{"batch": 8, "batches": 235, "recordings": 17, "elapsed_seconds": 18.95664954185486}
{"batch": 9, "batches": 235, "recordings": 19, "elapsed_seconds": 19.418884754180908}
{"batch": 10, "batches": 235, "recordings": 21, "elapsed_seconds": 19.84419536590576}
{"batch": 11, "batches": 235, "recordings": 23, "elapsed_seconds": 20.281668424606323}
{"batch": 12, "batches": 235, "recordings": 25, "elapsed_seconds": 20.732752799987793}
{"batch": 13, "batches": 235, "recordings": 27, "elapsed_seconds": 21.26168441772461}
{"batch": 14, "batches": 235, "recordings": 29, "elapsed_seconds": 21.782960414886475}
{"batch": 15, "batches": 235, "recordings": 32, "elapsed_seconds": 22.536062479019165}
{"batch": 16, "batches": 235, "recordings": 34, "elapsed_seconds": 23.053709268569946}
{"batch": 17, "batches": 235, "recordings": 36, "elapsed_seconds": 23.582808256149292}
{"batch": 18, "batches": 235, "recordings": 38, "elapsed_seconds": 24.10840153694153}
{"batch": 19, "batches": 235, "recordings": 40, "elapsed_seconds": 24.64317297935486}
{"batch": 20, "batches": 235, "recordings": 42, "elapsed_seconds": 25.187175989151}
{"batch": 21, "batches": 235, "recordings": 44, "elapsed_seconds": 25.73408031463623}
{"batch": 22, "batches": 235, "recordings": 46, "elapsed_seconds": 26.245145559310913}
{"batch": 23, "batches": 235, "recordings": 49, "elapsed_seconds": 26.97976303100586}
{"batch": 24, "batches": 235, "recordings": 51, "elapsed_seconds": 27.468446493148804}
{"batch": 25, "batches": 235, "recordings": 53, "elapsed_seconds": 27.903934478759766}
{"batch": 26, "batches": 235, "recordings": 55, "elapsed_seconds": 28.34021019935608}
{"batch": 27, "batches": 235, "recordings": 57, "elapsed_seconds": 28.91573452949524}
{"batch": 28, "batches": 235, "recordings": 59, "elapsed_seconds": 29.358887910842896}
{"batch": 29, "batches": 235, "recordings": 61, "elapsed_seconds": 29.7903892993927}
{"batch": 30, "batches": 235, "recordings": 64, "elapsed_seconds": 30.396141529083252}
{"batch": 31, "batches": 235, "recordings": 66, "elapsed_seconds": 30.8474178314209}
{"batch": 32, "batches": 235, "recordings": 68, "elapsed_seconds": 31.295058012008667}
{"batch": 33, "batches": 235, "recordings": 70, "elapsed_seconds": 31.737521171569824}
{"batch": 34, "batches": 235, "recordings": 72, "elapsed_seconds": 32.16676688194275}
{"batch": 35, "batches": 235, "recordings": 74, "elapsed_seconds": 32.604838371276855}
{"batch": 36, "batches": 235, "recordings": 76, "elapsed_seconds": 33.08215045928955}
{"batch": 37, "batches": 235, "recordings": 78, "elapsed_seconds": 33.6091365814209}
{"batch": 38, "batches": 235, "recordings": 81, "elapsed_seconds": 34.35775351524353}
{"batch": 39, "batches": 235, "recordings": 83, "elapsed_seconds": 34.888397216796875}
{"batch": 40, "batches": 235, "recordings": 85, "elapsed_seconds": 35.41152048110962}
{"batch": 41, "batches": 235, "recordings": 87, "elapsed_seconds": 35.93485999107361}
{"batch": 42, "batches": 235, "recordings": 89, "elapsed_seconds": 36.45229911804199}
{"batch": 43, "batches": 235, "recordings": 91, "elapsed_seconds": 36.967803955078125}
{"batch": 44, "batches": 235, "recordings": 93, "elapsed_seconds": 37.477991580963135}
{"batch": 45, "batches": 235, "recordings": 96, "elapsed_seconds": 38.21175932884216}
{"batch": 46, "batches": 235, "recordings": 98, "elapsed_seconds": 38.73408317565918}
{"batch": 47, "batches": 235, "recordings": 100, "elapsed_seconds": 39.25460386276245}
{"batch": 48, "batches": 235, "recordings": 102, "elapsed_seconds": 39.68360710144043}
{"batch": 49, "batches": 235, "recordings": 104, "elapsed_seconds": 40.13531446456909}
{"batch": 50, "batches": 235, "recordings": 106, "elapsed_seconds": 40.582754135131836}
{"batch": 51, "batches": 235, "recordings": 108, "elapsed_seconds": 41.02928042411804}
{"batch": 52, "batches": 235, "recordings": 110, "elapsed_seconds": 41.4677357673645}
{"batch": 53, "batches": 235, "recordings": 113, "elapsed_seconds": 42.082398891448975}
{"batch": 54, "batches": 235, "recordings": 115, "elapsed_seconds": 42.521445512771606}
{"batch": 55, "batches": 235, "recordings": 117, "elapsed_seconds": 42.96037316322327}
{"batch": 56, "batches": 235, "recordings": 119, "elapsed_seconds": 43.40620279312134}
{"batch": 57, "batches": 235, "recordings": 121, "elapsed_seconds": 43.85187792778015}
{"batch": 58, "batches": 235, "recordings": 123, "elapsed_seconds": 44.29363489151001}
{"batch": 59, "batches": 235, "recordings": 125, "elapsed_seconds": 44.734111309051514}
{"batch": 60, "batches": 235, "recordings": 128, "elapsed_seconds": 45.46652913093567}
{"batch": 61, "batches": 235, "recordings": 130, "elapsed_seconds": 45.99848747253418}
{"batch": 62, "batches": 235, "recordings": 132, "elapsed_seconds": 46.52927327156067}
{"batch": 63, "batches": 235, "recordings": 134, "elapsed_seconds": 47.054471015930176}
{"batch": 64, "batches": 235, "recordings": 136, "elapsed_seconds": 47.5766339302063}
{"batch": 65, "batches": 235, "recordings": 138, "elapsed_seconds": 48.117913246154785}
{"batch": 66, "batches": 235, "recordings": 140, "elapsed_seconds": 48.65165400505066}
{"batch": 67, "batches": 235, "recordings": 142, "elapsed_seconds": 49.16743206977844}
{"batch": 68, "batches": 235, "recordings": 145, "elapsed_seconds": 50.01022481918335}
{"batch": 69, "batches": 235, "recordings": 147, "elapsed_seconds": 50.542441844940186}
{"batch": 70, "batches": 235, "recordings": 149, "elapsed_seconds": 51.07383179664612}
{"batch": 71, "batches": 235, "recordings": 151, "elapsed_seconds": 51.55365824699402}
{"batch": 72, "batches": 235, "recordings": 153, "elapsed_seconds": 51.99628520011902}
{"batch": 73, "batches": 235, "recordings": 155, "elapsed_seconds": 52.445072174072266}
{"batch": 74, "batches": 235, "recordings": 157, "elapsed_seconds": 52.89050841331482}
{"batch": 75, "batches": 235, "recordings": 160, "elapsed_seconds": 53.49159026145935}
{"batch": 76, "batches": 235, "recordings": 162, "elapsed_seconds": 53.939011335372925}
{"batch": 77, "batches": 235, "recordings": 164, "elapsed_seconds": 54.3686203956604}
{"batch": 78, "batches": 235, "recordings": 166, "elapsed_seconds": 54.807026863098145}
{"batch": 79, "batches": 235, "recordings": 168, "elapsed_seconds": 55.250346422195435}
{"batch": 80, "batches": 235, "recordings": 170, "elapsed_seconds": 55.69933032989502}
{"batch": 81, "batches": 235, "recordings": 172, "elapsed_seconds": 56.14313721656799}
{"batch": 82, "batches": 235, "recordings": 174, "elapsed_seconds": 56.57798957824707}
{"batch": 83, "batches": 235, "recordings": 177, "elapsed_seconds": 57.28236699104309}
{"batch": 84, "batches": 235, "recordings": 179, "elapsed_seconds": 57.81421089172363}
{"batch": 85, "batches": 235, "recordings": 181, "elapsed_seconds": 58.355753898620605}
{"batch": 86, "batches": 235, "recordings": 183, "elapsed_seconds": 58.88965129852295}
{"batch": 87, "batches": 235, "recordings": 185, "elapsed_seconds": 59.40963697433472}
{"batch": 88, "batches": 235, "recordings": 187, "elapsed_seconds": 59.94163966178894}
{"batch": 89, "batches": 235, "recordings": 189, "elapsed_seconds": 60.48203086853027}
{"batch": 90, "batches": 235, "recordings": 192, "elapsed_seconds": 61.19347810745239}
{"batch": 91, "batches": 235, "recordings": 194, "elapsed_seconds": 61.725825548172}
{"batch": 92, "batches": 235, "recordings": 196, "elapsed_seconds": 62.26980233192444}
{"batch": 93, "batches": 235, "recordings": 198, "elapsed_seconds": 62.80470252037048}
{"batch": 94, "batches": 235, "recordings": 200, "elapsed_seconds": 63.325135946273804}
{"batch": 95, "batches": 235, "recordings": 202, "elapsed_seconds": 63.77520728111267}
{"batch": 96, "batches": 235, "recordings": 204, "elapsed_seconds": 64.22023725509644}
{"batch": 97, "batches": 235, "recordings": 206, "elapsed_seconds": 64.64894127845764}
{"batch": 98, "batches": 235, "recordings": 209, "elapsed_seconds": 65.23515224456787}
{"batch": 99, "batches": 235, "recordings": 211, "elapsed_seconds": 65.69271469116211}
{"batch": 100, "batches": 235, "recordings": 213, "elapsed_seconds": 66.1381676197052}
{"batch": 101, "batches": 235, "recordings": 215, "elapsed_seconds": 66.57226896286011}
{"batch": 102, "batches": 235, "recordings": 217, "elapsed_seconds": 67.00772309303284}
{"batch": 103, "batches": 235, "recordings": 219, "elapsed_seconds": 67.43990468978882}
{"batch": 104, "batches": 235, "recordings": 221, "elapsed_seconds": 67.86887955665588}
{"batch": 105, "batches": 235, "recordings": 224, "elapsed_seconds": 68.45735001564026}
{"batch": 106, "batches": 235, "recordings": 226, "elapsed_seconds": 68.94637107849121}
{"batch": 107, "batches": 235, "recordings": 228, "elapsed_seconds": 69.45247793197632}
{"batch": 108, "batches": 235, "recordings": 230, "elapsed_seconds": 69.9656445980072}
{"batch": 109, "batches": 235, "recordings": 232, "elapsed_seconds": 70.47954607009888}
{"batch": 110, "batches": 235, "recordings": 234, "elapsed_seconds": 71.03713989257812}
{"batch": 111, "batches": 235, "recordings": 236, "elapsed_seconds": 71.55738639831543}
{"batch": 112, "batches": 235, "recordings": 238, "elapsed_seconds": 72.07647347450256}
{"batch": 113, "batches": 235, "recordings": 241, "elapsed_seconds": 72.81930613517761}
{"batch": 114, "batches": 235, "recordings": 243, "elapsed_seconds": 73.35239744186401}
{"batch": 115, "batches": 235, "recordings": 245, "elapsed_seconds": 73.86498284339905}
{"batch": 116, "batches": 235, "recordings": 247, "elapsed_seconds": 74.38396620750427}
{"batch": 117, "batches": 235, "recordings": 249, "elapsed_seconds": 74.90645575523376}
{"batch": 118, "batches": 235, "recordings": 251, "elapsed_seconds": 75.40989446640015}
{"batch": 119, "batches": 235, "recordings": 253, "elapsed_seconds": 75.85632848739624}
{"batch": 120, "batches": 235, "recordings": 256, "elapsed_seconds": 76.56025004386902}
{"batch": 121, "batches": 235, "recordings": 258, "elapsed_seconds": 76.98675847053528}
{"batch": 122, "batches": 235, "recordings": 260, "elapsed_seconds": 77.41759157180786}
{"batch": 123, "batches": 235, "recordings": 262, "elapsed_seconds": 77.86886072158813}
{"batch": 124, "batches": 235, "recordings": 264, "elapsed_seconds": 78.31174564361572}
{"batch": 125, "batches": 235, "recordings": 266, "elapsed_seconds": 78.74954843521118}
{"batch": 126, "batches": 235, "recordings": 268, "elapsed_seconds": 79.18898248672485}
{"batch": 127, "batches": 235, "recordings": 270, "elapsed_seconds": 79.62041330337524}
{"batch": 128, "batches": 235, "recordings": 273, "elapsed_seconds": 80.21532535552979}
{"batch": 129, "batches": 235, "recordings": 275, "elapsed_seconds": 80.6588933467865}
{"batch": 130, "batches": 235, "recordings": 277, "elapsed_seconds": 81.18385577201843}
{"batch": 131, "batches": 235, "recordings": 279, "elapsed_seconds": 81.71906733512878}
{"batch": 132, "batches": 235, "recordings": 281, "elapsed_seconds": 82.24201154708862}
{"batch": 133, "batches": 235, "recordings": 283, "elapsed_seconds": 82.78683352470398}
{"batch": 134, "batches": 235, "recordings": 285, "elapsed_seconds": 83.31697487831116}
{"batch": 135, "batches": 235, "recordings": 288, "elapsed_seconds": 84.0275046825409}
{"batch": 136, "batches": 235, "recordings": 290, "elapsed_seconds": 84.56679773330688}
{"batch": 137, "batches": 235, "recordings": 292, "elapsed_seconds": 85.09874987602234}
{"batch": 138, "batches": 235, "recordings": 294, "elapsed_seconds": 85.60991072654724}
{"batch": 139, "batches": 235, "recordings": 296, "elapsed_seconds": 86.1239652633667}
{"batch": 140, "batches": 235, "recordings": 298, "elapsed_seconds": 86.65997290611267}
{"batch": 141, "batches": 235, "recordings": 300, "elapsed_seconds": 87.18620204925537}
{"batch": 142, "batches": 235, "recordings": 302, "elapsed_seconds": 87.61574268341064}
{"batch": 143, "batches": 235, "recordings": 305, "elapsed_seconds": 88.22113966941833}
{"batch": 144, "batches": 235, "recordings": 307, "elapsed_seconds": 88.66342663764954}
{"batch": 145, "batches": 235, "recordings": 309, "elapsed_seconds": 89.08824372291565}
{"batch": 146, "batches": 235, "recordings": 311, "elapsed_seconds": 89.52092981338501}
{"batch": 147, "batches": 235, "recordings": 313, "elapsed_seconds": 89.96209001541138}
{"batch": 148, "batches": 235, "recordings": 315, "elapsed_seconds": 90.3903317451477}
{"batch": 149, "batches": 235, "recordings": 317, "elapsed_seconds": 90.83387398719788}
{"batch": 150, "batches": 235, "recordings": 320, "elapsed_seconds": 91.44863700866699}
{"batch": 151, "batches": 235, "recordings": 322, "elapsed_seconds": 91.86655950546265}
{"batch": 152, "batches": 235, "recordings": 324, "elapsed_seconds": 92.30554151535034}
{"batch": 153, "batches": 235, "recordings": 326, "elapsed_seconds": 92.77618837356567}
{"batch": 154, "batches": 235, "recordings": 328, "elapsed_seconds": 93.30073046684265}
{"batch": 155, "batches": 235, "recordings": 330, "elapsed_seconds": 93.81930732727051}
{"batch": 156, "batches": 235, "recordings": 332, "elapsed_seconds": 94.34457612037659}
{"batch": 157, "batches": 235, "recordings": 334, "elapsed_seconds": 94.85348129272461}
{"batch": 158, "batches": 235, "recordings": 337, "elapsed_seconds": 95.57095527648926}
{"batch": 159, "batches": 235, "recordings": 339, "elapsed_seconds": 96.08031368255615}
{"batch": 160, "batches": 235, "recordings": 341, "elapsed_seconds": 96.58970618247986}
{"batch": 161, "batches": 235, "recordings": 343, "elapsed_seconds": 97.0998547077179}
{"batch": 162, "batches": 235, "recordings": 345, "elapsed_seconds": 97.61373829841614}
{"batch": 163, "batches": 235, "recordings": 347, "elapsed_seconds": 98.15395212173462}
{"batch": 164, "batches": 235, "recordings": 349, "elapsed_seconds": 98.67299628257751}
{"batch": 165, "batches": 235, "recordings": 352, "elapsed_seconds": 99.29988932609558}
{"batch": 166, "batches": 235, "recordings": 354, "elapsed_seconds": 99.74176549911499}
{"batch": 167, "batches": 235, "recordings": 356, "elapsed_seconds": 100.17413878440857}
{"batch": 168, "batches": 235, "recordings": 358, "elapsed_seconds": 100.61528658866882}
{"batch": 169, "batches": 235, "recordings": 360, "elapsed_seconds": 101.03856706619263}
{"batch": 170, "batches": 235, "recordings": 362, "elapsed_seconds": 101.46607112884521}
{"batch": 171, "batches": 235, "recordings": 364, "elapsed_seconds": 101.90978717803955}
{"batch": 172, "batches": 235, "recordings": 366, "elapsed_seconds": 102.34344816207886}
{"batch": 173, "batches": 235, "recordings": 369, "elapsed_seconds": 102.9315276145935}
{"batch": 174, "batches": 235, "recordings": 371, "elapsed_seconds": 103.38044309616089}
{"batch": 175, "batches": 235, "recordings": 373, "elapsed_seconds": 103.80397033691406}
{"batch": 176, "batches": 235, "recordings": 375, "elapsed_seconds": 104.40108036994934}
{"batch": 177, "batches": 235, "recordings": 377, "elapsed_seconds": 104.9049699306488}
{"batch": 178, "batches": 235, "recordings": 379, "elapsed_seconds": 105.41975426673889}
{"batch": 179, "batches": 235, "recordings": 381, "elapsed_seconds": 105.94213318824768}
{"batch": 180, "batches": 235, "recordings": 384, "elapsed_seconds": 106.64613628387451}
{"batch": 181, "batches": 235, "recordings": 386, "elapsed_seconds": 107.16510844230652}
{"batch": 182, "batches": 235, "recordings": 388, "elapsed_seconds": 107.68764281272888}
{"batch": 183, "batches": 235, "recordings": 390, "elapsed_seconds": 108.19250416755676}
{"batch": 184, "batches": 235, "recordings": 392, "elapsed_seconds": 108.72537088394165}
{"batch": 185, "batches": 235, "recordings": 394, "elapsed_seconds": 109.35896801948547}
{"batch": 186, "batches": 235, "recordings": 396, "elapsed_seconds": 109.87059450149536}
{"batch": 187, "batches": 235, "recordings": 398, "elapsed_seconds": 110.38139820098877}
{"batch": 188, "batches": 235, "recordings": 401, "elapsed_seconds": 111.04793500900269}
{"batch": 189, "batches": 235, "recordings": 403, "elapsed_seconds": 111.47992968559265}
{"batch": 190, "batches": 235, "recordings": 405, "elapsed_seconds": 111.92116832733154}
{"batch": 191, "batches": 235, "recordings": 407, "elapsed_seconds": 112.36334347724915}
{"batch": 192, "batches": 235, "recordings": 409, "elapsed_seconds": 112.80234503746033}
{"batch": 193, "batches": 235, "recordings": 411, "elapsed_seconds": 113.23884534835815}
{"batch": 194, "batches": 235, "recordings": 413, "elapsed_seconds": 113.67677855491638}
{"batch": 195, "batches": 235, "recordings": 416, "elapsed_seconds": 114.27432346343994}
{"batch": 196, "batches": 235, "recordings": 418, "elapsed_seconds": 114.71233415603638}
{"batch": 197, "batches": 235, "recordings": 420, "elapsed_seconds": 115.14635348320007}
{"batch": 198, "batches": 235, "recordings": 422, "elapsed_seconds": 115.58749604225159}
{"batch": 199, "batches": 235, "recordings": 424, "elapsed_seconds": 116.02712941169739}
{"batch": 200, "batches": 235, "recordings": 426, "elapsed_seconds": 116.46640086174011}
{"batch": 201, "batches": 235, "recordings": 428, "elapsed_seconds": 116.90606451034546}
{"batch": 202, "batches": 235, "recordings": 430, "elapsed_seconds": 117.35502910614014}
{"batch": 203, "batches": 235, "recordings": 433, "elapsed_seconds": 117.95682644844055}
{"batch": 204, "batches": 235, "recordings": 435, "elapsed_seconds": 118.39757108688354}
{"batch": 205, "batches": 235, "recordings": 437, "elapsed_seconds": 118.83864450454712}
{"batch": 206, "batches": 235, "recordings": 439, "elapsed_seconds": 119.28038096427917}
{"batch": 207, "batches": 235, "recordings": 441, "elapsed_seconds": 119.73648810386658}
{"batch": 208, "batches": 235, "recordings": 443, "elapsed_seconds": 120.18059372901917}
{"batch": 209, "batches": 235, "recordings": 445, "elapsed_seconds": 120.62179589271545}
{"batch": 210, "batches": 235, "recordings": 448, "elapsed_seconds": 121.21183061599731}
{"batch": 211, "batches": 235, "recordings": 450, "elapsed_seconds": 121.66196823120117}
{"batch": 212, "batches": 235, "recordings": 452, "elapsed_seconds": 122.1760926246643}
{"batch": 213, "batches": 235, "recordings": 454, "elapsed_seconds": 122.7079553604126}
{"batch": 214, "batches": 235, "recordings": 456, "elapsed_seconds": 123.22621989250183}
{"batch": 215, "batches": 235, "recordings": 458, "elapsed_seconds": 123.75887131690979}
{"batch": 216, "batches": 235, "recordings": 460, "elapsed_seconds": 124.28384685516357}
{"batch": 217, "batches": 235, "recordings": 462, "elapsed_seconds": 124.80594539642334}
{"batch": 218, "batches": 235, "recordings": 465, "elapsed_seconds": 125.54265332221985}
{"batch": 219, "batches": 235, "recordings": 467, "elapsed_seconds": 126.05700922012329}
{"batch": 220, "batches": 235, "recordings": 469, "elapsed_seconds": 126.58633971214294}
{"batch": 221, "batches": 235, "recordings": 471, "elapsed_seconds": 127.09117865562439}
{"batch": 222, "batches": 235, "recordings": 473, "elapsed_seconds": 127.61401414871216}
{"batch": 223, "batches": 235, "recordings": 475, "elapsed_seconds": 128.13673758506775}
{"batch": 224, "batches": 235, "recordings": 477, "elapsed_seconds": 128.6594741344452}
{"batch": 225, "batches": 235, "recordings": 480, "elapsed_seconds": 129.38400530815125}
{"batch": 226, "batches": 235, "recordings": 482, "elapsed_seconds": 129.89391684532166}
{"batch": 227, "batches": 235, "recordings": 484, "elapsed_seconds": 130.42491364479065}
{"batch": 228, "batches": 235, "recordings": 486, "elapsed_seconds": 130.94016575813293}
{"batch": 229, "batches": 235, "recordings": 488, "elapsed_seconds": 131.4621500968933}
{"batch": 230, "batches": 235, "recordings": 490, "elapsed_seconds": 131.98304867744446}
{"batch": 231, "batches": 235, "recordings": 492, "elapsed_seconds": 132.50368547439575}
{"batch": 232, "batches": 235, "recordings": 494, "elapsed_seconds": 133.00894856452942}
{"batch": 233, "batches": 235, "recordings": 497, "elapsed_seconds": 133.7390537261963}
{"batch": 234, "batches": 235, "recordings": 499, "elapsed_seconds": 134.26859760284424}
{"batch": 235, "batches": 235, "recordings": 500, "elapsed_seconds": 134.56966996192932}
