
Dataset dcase2020task3 is being developed......

{"stage": "hashing_actual_waveform_inputs", "files": 500}
/work/zhanghc/Myllm/SELD/EINV2/.venvs/einv2-cu121/lib/python3.10/site-packages/torch/nn/modules/transformer.py:307: UserWarning: enable_nested_tensor is True, but self.use_nested_tensor is False because encoder_layer.self_attn.batch_first was not True(use batch_first for better inference performance)
  warnings.warn(f"enable_nested_tensor is True, but self.use_nested_tensor is False because {why_not_sparsity_fast_path}")
/work/zhanghc/Myllm/SELD/reports/refinement_v2_cross_c0_20260908_r1/runtime/models/einv2/variants/C3/seld/methods/ein_seld/data.py:379: UserWarning: Creating a tensor from a list of numpy.ndarrays is extremely slow. Please consider converting the list to a single numpy.ndarray with numpy.array() before converting to a tensor. (Triggered internally at ../torch/csrc/utils/tensor_new.cpp:278.)
  'waveform': torch.tensor(batch_x, dtype=torch.float32)
/work/zhanghc/Myllm/SELD/reports/refinement_v2_cross_c0_20260908_r1/runtime/models/einv2/variants/C3/seld/methods/ein_seld/data.py:379: UserWarning: Creating a tensor from a list of numpy.ndarrays is extremely slow. Please consider converting the list to a single numpy.ndarray with numpy.array() before converting to a tensor. (Triggered internally at ../torch/csrc/utils/tensor_new.cpp:278.)
  'waveform': torch.tensor(batch_x, dtype=torch.float32)
/work/zhanghc/Myllm/SELD/reports/refinement_v2_cross_c0_20260908_r1/runtime/models/einv2/variants/C3/seld/methods/ein_seld/data.py:379: UserWarning: Creating a tensor from a list of numpy.ndarrays is extremely slow. Please consider converting the list to a single numpy.ndarray with numpy.array() before converting to a tensor. (Triggered internally at ../torch/csrc/utils/tensor_new.cpp:278.)
  'waveform': torch.tensor(batch_x, dtype=torch.float32)
/work/zhanghc/Myllm/SELD/reports/refinement_v2_cross_c0_20260908_r1/runtime/models/einv2/variants/C3/seld/methods/ein_seld/data.py:379: UserWarning: Creating a tensor from a list of numpy.ndarrays is extremely slow. Please consider converting the list to a single numpy.ndarray with numpy.array() before converting to a tensor. (Triggered internally at ../torch/csrc/utils/tensor_new.cpp:278.)
  'waveform': torch.tensor(batch_x, dtype=torch.float32)
{"batch": 1, "batches": 235, "recordings": 2, "elapsed_seconds": 17.166862726211548}
{"batch": 2, "batches": 235, "recordings": 4, "elapsed_seconds": 17.625235319137573}
{"batch": 3, "batches": 235, "recordings": 6, "elapsed_seconds": 18.05739998817444}
{"batch": 4, "batches": 235, "recordings": 8, "elapsed_seconds": 18.496876001358032}
{"batch": 5, "batches": 235, "recordings": 10, "elapsed_seconds": 18.94156050682068}
{"batch": 6, "batches": 235, "recordings": 12, "elapsed_seconds": 19.37965679168701}
{"batch": 7, "batches": 235, "recordings": 14, "elapsed_seconds": 19.82385778427124}
{"batch": 8, "batches": 235, "recordings": 17, "elapsed_seconds": 20.424248933792114}
{"batch": 9, "batches": 235, "recordings": 19, "elapsed_seconds": 20.87621021270752}
{"batch": 10, "batches": 235, "recordings": 21, "elapsed_seconds": 21.301400661468506}
{"batch": 11, "batches": 235, "recordings": 23, "elapsed_seconds": 21.73247766494751}
{"batch": 12, "batches": 235, "recordings": 25, "elapsed_seconds": 22.181257247924805}
{"batch": 13, "batches": 235, "recordings": 27, "elapsed_seconds": 22.70755958557129}
{"batch": 14, "batches": 235, "recordings": 29, "elapsed_seconds": 23.231454849243164}
{"batch": 15, "batches": 235, "recordings": 32, "elapsed_seconds": 23.964425325393677}
{"batch": 16, "batches": 235, "recordings": 34, "elapsed_seconds": 24.47875189781189}
{"batch": 17, "batches": 235, "recordings": 36, "elapsed_seconds": 25.010607957839966}
{"batch": 18, "batches": 235, "recordings": 38, "elapsed_seconds": 25.541578769683838}
{"batch": 19, "batches": 235, "recordings": 40, "elapsed_seconds": 26.06975293159485}
{"batch": 20, "batches": 235, "recordings": 42, "elapsed_seconds": 26.61136555671692}
{"batch": 21, "batches": 235, "recordings": 44, "elapsed_seconds": 27.149104833602905}
{"batch": 22, "batches": 235, "recordings": 46, "elapsed_seconds": 27.654703617095947}
{"batch": 23, "batches": 235, "recordings": 49, "elapsed_seconds": 28.41692018508911}
{"batch": 24, "batches": 235, "recordings": 51, "elapsed_seconds": 28.942049503326416}
{"batch": 25, "batches": 235, "recordings": 53, "elapsed_seconds": 29.382136821746826}
{"batch": 26, "batches": 235, "recordings": 55, "elapsed_seconds": 29.81964612007141}
{"batch": 27, "batches": 235, "recordings": 57, "elapsed_seconds": 30.260695219039917}
{"batch": 28, "batches": 235, "recordings": 59, "elapsed_seconds": 30.70318031311035}
{"batch": 29, "batches": 235, "recordings": 61, "elapsed_seconds": 31.290337800979614}
{"batch": 30, "batches": 235, "recordings": 64, "elapsed_seconds": 31.904451370239258}
{"batch": 31, "batches": 235, "recordings": 66, "elapsed_seconds": 32.35478663444519}
{"batch": 32, "batches": 235, "recordings": 68, "elapsed_seconds": 32.80021953582764}
{"batch": 33, "batches": 235, "recordings": 70, "elapsed_seconds": 33.24366116523743}
{"batch": 34, "batches": 235, "recordings": 72, "elapsed_seconds": 33.67093300819397}
{"batch": 35, "batches": 235, "recordings": 74, "elapsed_seconds": 34.105257749557495}
{"batch": 36, "batches": 235, "recordings": 76, "elapsed_seconds": 34.58084583282471}
{"batch": 37, "batches": 235, "recordings": 78, "elapsed_seconds": 35.10655188560486}
{"batch": 38, "batches": 235, "recordings": 81, "elapsed_seconds": 35.85592317581177}
{"batch": 39, "batches": 235, "recordings": 83, "elapsed_seconds": 36.390069246292114}
{"batch": 40, "batches": 235, "recordings": 85, "elapsed_seconds": 36.92299699783325}
{"batch": 41, "batches": 235, "recordings": 87, "elapsed_seconds": 37.440361738204956}
{"batch": 42, "batches": 235, "recordings": 89, "elapsed_seconds": 37.95444107055664}
{"batch": 43, "batches": 235, "recordings": 91, "elapsed_seconds": 38.470316886901855}
{"batch": 44, "batches": 235, "recordings": 93, "elapsed_seconds": 38.98085403442383}
{"batch": 45, "batches": 235, "recordings": 96, "elapsed_seconds": 39.72225570678711}
{"batch": 46, "batches": 235, "recordings": 98, "elapsed_seconds": 40.25085997581482}
{"batch": 47, "batches": 235, "recordings": 100, "elapsed_seconds": 40.78770327568054}
{"batch": 48, "batches": 235, "recordings": 102, "elapsed_seconds": 41.21915364265442}
{"batch": 49, "batches": 235, "recordings": 104, "elapsed_seconds": 41.66595911979675}
{"batch": 50, "batches": 235, "recordings": 106, "elapsed_seconds": 42.114027976989746}
{"batch": 51, "batches": 235, "recordings": 108, "elapsed_seconds": 42.56039524078369}
{"batch": 52, "batches": 235, "recordings": 110, "elapsed_seconds": 42.99812722206116}
{"batch": 53, "batches": 235, "recordings": 113, "elapsed_seconds": 43.61593461036682}
{"batch": 54, "batches": 235, "recordings": 115, "elapsed_seconds": 44.059032917022705}
{"batch": 55, "batches": 235, "recordings": 117, "elapsed_seconds": 44.49894165992737}
{"batch": 56, "batches": 235, "recordings": 119, "elapsed_seconds": 44.94797611236572}
{"batch": 57, "batches": 235, "recordings": 121, "elapsed_seconds": 45.40157628059387}
{"batch": 58, "batches": 235, "recordings": 123, "elapsed_seconds": 45.85629057884216}
{"batch": 59, "batches": 235, "recordings": 125, "elapsed_seconds": 46.32904314994812}
{"batch": 60, "batches": 235, "recordings": 128, "elapsed_seconds": 47.07732963562012}
{"batch": 61, "batches": 235, "recordings": 130, "elapsed_seconds": 47.6465163230896}
{"batch": 62, "batches": 235, "recordings": 132, "elapsed_seconds": 48.18445706367493}
{"batch": 63, "batches": 235, "recordings": 134, "elapsed_seconds": 48.73720979690552}
{"batch": 64, "batches": 235, "recordings": 136, "elapsed_seconds": 49.27846956253052}
{"batch": 65, "batches": 235, "recordings": 138, "elapsed_seconds": 49.827499866485596}
{"batch": 66, "batches": 235, "recordings": 140, "elapsed_seconds": 50.371583700180054}
{"batch": 67, "batches": 235, "recordings": 142, "elapsed_seconds": 50.9248788356781}
{"batch": 68, "batches": 235, "recordings": 145, "elapsed_seconds": 51.6754207611084}
{"batch": 69, "batches": 235, "recordings": 147, "elapsed_seconds": 52.34822487831116}
{"batch": 70, "batches": 235, "recordings": 149, "elapsed_seconds": 52.88327741622925}
{"batch": 71, "batches": 235, "recordings": 151, "elapsed_seconds": 53.37294101715088}
{"batch": 72, "batches": 235, "recordings": 153, "elapsed_seconds": 53.829293966293335}
{"batch": 73, "batches": 235, "recordings": 155, "elapsed_seconds": 54.27823328971863}
{"batch": 74, "batches": 235, "recordings": 157, "elapsed_seconds": 54.726189613342285}
{"batch": 75, "batches": 235, "recordings": 160, "elapsed_seconds": 55.34692144393921}
{"batch": 76, "batches": 235, "recordings": 162, "elapsed_seconds": 55.799031257629395}
{"batch": 77, "batches": 235, "recordings": 164, "elapsed_seconds": 56.234174728393555}
{"batch": 78, "batches": 235, "recordings": 166, "elapsed_seconds": 56.67606258392334}
{"batch": 79, "batches": 235, "recordings": 168, "elapsed_seconds": 57.12301516532898}
{"batch": 80, "batches": 235, "recordings": 170, "elapsed_seconds": 57.57547354698181}
{"batch": 81, "batches": 235, "recordings": 172, "elapsed_seconds": 58.03800368309021}
{"batch": 82, "batches": 235, "recordings": 174, "elapsed_seconds": 58.47949457168579}
{"batch": 83, "batches": 235, "recordings": 177, "elapsed_seconds": 59.18428683280945}
{"batch": 84, "batches": 235, "recordings": 179, "elapsed_seconds": 59.73554229736328}
{"batch": 85, "batches": 235, "recordings": 181, "elapsed_seconds": 60.28577971458435}
{"batch": 86, "batches": 235, "recordings": 183, "elapsed_seconds": 60.82116079330444}
{"batch": 87, "batches": 235, "recordings": 185, "elapsed_seconds": 61.3485381603241}
{"batch": 88, "batches": 235, "recordings": 187, "elapsed_seconds": 61.8917932510376}
{"batch": 89, "batches": 235, "recordings": 189, "elapsed_seconds": 62.436888217926025}
{"batch": 90, "batches": 235, "recordings": 192, "elapsed_seconds": 63.155064821243286}
{"batch": 91, "batches": 235, "recordings": 194, "elapsed_seconds": 63.692076444625854}
{"batch": 92, "batches": 235, "recordings": 196, "elapsed_seconds": 64.23953533172607}
{"batch": 93, "batches": 235, "recordings": 198, "elapsed_seconds": 64.77744317054749}
{"batch": 94, "batches": 235, "recordings": 200, "elapsed_seconds": 65.30212759971619}
{"batch": 95, "batches": 235, "recordings": 202, "elapsed_seconds": 65.75616717338562}
{"batch": 96, "batches": 235, "recordings": 204, "elapsed_seconds": 66.20099592208862}
{"batch": 97, "batches": 235, "recordings": 206, "elapsed_seconds": 66.63224577903748}
{"batch": 98, "batches": 235, "recordings": 209, "elapsed_seconds": 67.22397661209106}
{"batch": 99, "batches": 235, "recordings": 211, "elapsed_seconds": 67.6824643611908}
{"batch": 100, "batches": 235, "recordings": 213, "elapsed_seconds": 68.14882588386536}
{"batch": 101, "batches": 235, "recordings": 215, "elapsed_seconds": 68.59163856506348}
{"batch": 102, "batches": 235, "recordings": 217, "elapsed_seconds": 69.03367161750793}
{"batch": 103, "batches": 235, "recordings": 219, "elapsed_seconds": 69.48540711402893}
{"batch": 104, "batches": 235, "recordings": 221, "elapsed_seconds": 69.92729568481445}
{"batch": 105, "batches": 235, "recordings": 224, "elapsed_seconds": 70.52023506164551}
{"batch": 106, "batches": 235, "recordings": 226, "elapsed_seconds": 71.05399489402771}
{"batch": 107, "batches": 235, "recordings": 228, "elapsed_seconds": 71.56939768791199}
{"batch": 108, "batches": 235, "recordings": 230, "elapsed_seconds": 72.09280610084534}
{"batch": 109, "batches": 235, "recordings": 232, "elapsed_seconds": 72.61919593811035}
{"batch": 110, "batches": 235, "recordings": 234, "elapsed_seconds": 73.17262363433838}
{"batch": 111, "batches": 235, "recordings": 236, "elapsed_seconds": 73.68970441818237}
{"batch": 112, "batches": 235, "recordings": 238, "elapsed_seconds": 74.20466446876526}
{"batch": 113, "batches": 235, "recordings": 241, "elapsed_seconds": 74.96109247207642}
{"batch": 114, "batches": 235, "recordings": 243, "elapsed_seconds": 75.49728417396545}
{"batch": 115, "batches": 235, "recordings": 245, "elapsed_seconds": 76.03105640411377}
{"batch": 116, "batches": 235, "recordings": 247, "elapsed_seconds": 76.55644989013672}
{"batch": 117, "batches": 235, "recordings": 249, "elapsed_seconds": 77.08687138557434}
{"batch": 118, "batches": 235, "recordings": 251, "elapsed_seconds": 77.59826993942261}
{"batch": 119, "batches": 235, "recordings": 253, "elapsed_seconds": 78.04777526855469}
{"batch": 120, "batches": 235, "recordings": 256, "elapsed_seconds": 78.64005827903748}
{"batch": 121, "batches": 235, "recordings": 258, "elapsed_seconds": 79.0702760219574}
{"batch": 122, "batches": 235, "recordings": 260, "elapsed_seconds": 79.50574946403503}
{"batch": 123, "batches": 235, "recordings": 262, "elapsed_seconds": 80.11863017082214}
{"batch": 124, "batches": 235, "recordings": 264, "elapsed_seconds": 80.56717371940613}
{"batch": 125, "batches": 235, "recordings": 266, "elapsed_seconds": 81.00819849967957}
{"batch": 126, "batches": 235, "recordings": 268, "elapsed_seconds": 81.45111060142517}
{"batch": 127, "batches": 235, "recordings": 270, "elapsed_seconds": 81.88588356971741}
{"batch": 128, "batches": 235, "recordings": 273, "elapsed_seconds": 82.4843761920929}
{"batch": 129, "batches": 235, "recordings": 275, "elapsed_seconds": 82.93432450294495}
{"batch": 130, "batches": 235, "recordings": 277, "elapsed_seconds": 83.4647057056427}
{"batch": 131, "batches": 235, "recordings": 279, "elapsed_seconds": 84.00341796875}
{"batch": 132, "batches": 235, "recordings": 281, "elapsed_seconds": 84.52834582328796}
{"batch": 133, "batches": 235, "recordings": 283, "elapsed_seconds": 85.07514810562134}
{"batch": 134, "batches": 235, "recordings": 285, "elapsed_seconds": 85.61189341545105}
{"batch": 135, "batches": 235, "recordings": 288, "elapsed_seconds": 86.32593989372253}
{"batch": 136, "batches": 235, "recordings": 290, "elapsed_seconds": 86.8693597316742}
{"batch": 137, "batches": 235, "recordings": 292, "elapsed_seconds": 87.40535688400269}
{"batch": 138, "batches": 235, "recordings": 294, "elapsed_seconds": 87.9202880859375}
{"batch": 139, "batches": 235, "recordings": 296, "elapsed_seconds": 88.43687295913696}
{"batch": 140, "batches": 235, "recordings": 298, "elapsed_seconds": 88.97694420814514}
{"batch": 141, "batches": 235, "recordings": 300, "elapsed_seconds": 89.5044515132904}
{"batch": 142, "batches": 235, "recordings": 302, "elapsed_seconds": 89.93589115142822}
{"batch": 143, "batches": 235, "recordings": 305, "elapsed_seconds": 90.54571485519409}
{"batch": 144, "batches": 235, "recordings": 307, "elapsed_seconds": 90.98826742172241}
{"batch": 145, "batches": 235, "recordings": 309, "elapsed_seconds": 91.41401100158691}
{"batch": 146, "batches": 235, "recordings": 311, "elapsed_seconds": 91.84886717796326}
{"batch": 147, "batches": 235, "recordings": 313, "elapsed_seconds": 92.29169392585754}
{"batch": 148, "batches": 235, "recordings": 315, "elapsed_seconds": 92.72201681137085}
{"batch": 149, "batches": 235, "recordings": 317, "elapsed_seconds": 93.16741895675659}
{"batch": 150, "batches": 235, "recordings": 320, "elapsed_seconds": 93.78614664077759}
{"batch": 151, "batches": 235, "recordings": 322, "elapsed_seconds": 94.20674133300781}
{"batch": 152, "batches": 235, "recordings": 324, "elapsed_seconds": 94.64919805526733}
{"batch": 153, "batches": 235, "recordings": 326, "elapsed_seconds": 95.1222562789917}
{"batch": 154, "batches": 235, "recordings": 328, "elapsed_seconds": 95.65164303779602}
{"batch": 155, "batches": 235, "recordings": 330, "elapsed_seconds": 96.17491555213928}
{"batch": 156, "batches": 235, "recordings": 332, "elapsed_seconds": 96.69925928115845}
{"batch": 157, "batches": 235, "recordings": 334, "elapsed_seconds": 97.21047377586365}
{"batch": 158, "batches": 235, "recordings": 337, "elapsed_seconds": 97.93487119674683}
{"batch": 159, "batches": 235, "recordings": 339, "elapsed_seconds": 98.44732618331909}
{"batch": 160, "batches": 235, "recordings": 341, "elapsed_seconds": 98.95965719223022}
{"batch": 161, "batches": 235, "recordings": 343, "elapsed_seconds": 99.47187376022339}
{"batch": 162, "batches": 235, "recordings": 345, "elapsed_seconds": 99.98995304107666}
{"batch": 163, "batches": 235, "recordings": 347, "elapsed_seconds": 100.53335475921631}
{"batch": 164, "batches": 235, "recordings": 349, "elapsed_seconds": 101.0544581413269}
{"batch": 165, "batches": 235, "recordings": 352, "elapsed_seconds": 101.6824300289154}
{"batch": 166, "batches": 235, "recordings": 354, "elapsed_seconds": 102.1297025680542}
{"batch": 167, "batches": 235, "recordings": 356, "elapsed_seconds": 102.56406474113464}
{"batch": 168, "batches": 235, "recordings": 358, "elapsed_seconds": 103.00878763198853}
{"batch": 169, "batches": 235, "recordings": 360, "elapsed_seconds": 103.43407249450684}
{"batch": 170, "batches": 235, "recordings": 362, "elapsed_seconds": 103.86369562149048}
{"batch": 171, "batches": 235, "recordings": 364, "elapsed_seconds": 104.30602312088013}
{"batch": 172, "batches": 235, "recordings": 366, "elapsed_seconds": 104.74178218841553}
{"batch": 173, "batches": 235, "recordings": 369, "elapsed_seconds": 105.33749437332153}
{"batch": 174, "batches": 235, "recordings": 371, "elapsed_seconds": 105.79059648513794}
{"batch": 175, "batches": 235, "recordings": 373, "elapsed_seconds": 106.21547985076904}
{"batch": 176, "batches": 235, "recordings": 375, "elapsed_seconds": 106.66871571540833}
{"batch": 177, "batches": 235, "recordings": 377, "elapsed_seconds": 107.17814445495605}
{"batch": 178, "batches": 235, "recordings": 379, "elapsed_seconds": 107.70347166061401}
{"batch": 179, "batches": 235, "recordings": 381, "elapsed_seconds": 108.22088956832886}
{"batch": 180, "batches": 235, "recordings": 384, "elapsed_seconds": 108.93263149261475}
{"batch": 181, "batches": 235, "recordings": 386, "elapsed_seconds": 109.45805525779724}
{"batch": 182, "batches": 235, "recordings": 388, "elapsed_seconds": 109.98315262794495}
{"batch": 183, "batches": 235, "recordings": 390, "elapsed_seconds": 110.494389295578}
{"batch": 184, "batches": 235, "recordings": 392, "elapsed_seconds": 111.03034329414368}
{"batch": 185, "batches": 235, "recordings": 394, "elapsed_seconds": 111.53334164619446}
{"batch": 186, "batches": 235, "recordings": 396, "elapsed_seconds": 112.05213665962219}
{"batch": 187, "batches": 235, "recordings": 398, "elapsed_seconds": 112.7425332069397}
{"batch": 188, "batches": 235, "recordings": 401, "elapsed_seconds": 113.41893768310547}
{"batch": 189, "batches": 235, "recordings": 403, "elapsed_seconds": 113.8573989868164}
{"batch": 190, "batches": 235, "recordings": 405, "elapsed_seconds": 114.30048656463623}
{"batch": 191, "batches": 235, "recordings": 407, "elapsed_seconds": 114.74451732635498}
{"batch": 192, "batches": 235, "recordings": 409, "elapsed_seconds": 115.18755888938904}
{"batch": 193, "batches": 235, "recordings": 411, "elapsed_seconds": 115.62740898132324}
{"batch": 194, "batches": 235, "recordings": 413, "elapsed_seconds": 116.09031367301941}
{"batch": 195, "batches": 235, "recordings": 416, "elapsed_seconds": 116.69133353233337}
{"batch": 196, "batches": 235, "recordings": 418, "elapsed_seconds": 117.13066101074219}
{"batch": 197, "batches": 235, "recordings": 420, "elapsed_seconds": 117.56810808181763}
{"batch": 198, "batches": 235, "recordings": 422, "elapsed_seconds": 118.01473474502563}
{"batch": 199, "batches": 235, "recordings": 424, "elapsed_seconds": 118.45864462852478}
{"batch": 200, "batches": 235, "recordings": 426, "elapsed_seconds": 118.90556383132935}
{"batch": 201, "batches": 235, "recordings": 428, "elapsed_seconds": 119.34793424606323}
{"batch": 202, "batches": 235, "recordings": 430, "elapsed_seconds": 119.7977967262268}
{"batch": 203, "batches": 235, "recordings": 433, "elapsed_seconds": 120.40626406669617}
{"batch": 204, "batches": 235, "recordings": 435, "elapsed_seconds": 120.85220646858215}
{"batch": 205, "batches": 235, "recordings": 437, "elapsed_seconds": 121.2972640991211}
{"batch": 206, "batches": 235, "recordings": 439, "elapsed_seconds": 121.73842525482178}
{"batch": 207, "batches": 235, "recordings": 441, "elapsed_seconds": 122.20140624046326}
{"batch": 208, "batches": 235, "recordings": 443, "elapsed_seconds": 122.65188264846802}
{"batch": 209, "batches": 235, "recordings": 445, "elapsed_seconds": 123.09592723846436}
{"batch": 210, "batches": 235, "recordings": 448, "elapsed_seconds": 123.69514179229736}
{"batch": 211, "batches": 235, "recordings": 450, "elapsed_seconds": 124.15345454216003}
{"batch": 212, "batches": 235, "recordings": 452, "elapsed_seconds": 124.70743227005005}
{"batch": 213, "batches": 235, "recordings": 454, "elapsed_seconds": 125.26161456108093}
{"batch": 214, "batches": 235, "recordings": 456, "elapsed_seconds": 125.78841781616211}
{"batch": 215, "batches": 235, "recordings": 458, "elapsed_seconds": 126.32726383209229}
{"batch": 216, "batches": 235, "recordings": 460, "elapsed_seconds": 126.85496354103088}
{"batch": 217, "batches": 235, "recordings": 462, "elapsed_seconds": 127.38122344017029}
{"batch": 218, "batches": 235, "recordings": 465, "elapsed_seconds": 128.16561841964722}
{"batch": 219, "batches": 235, "recordings": 467, "elapsed_seconds": 128.68459510803223}
{"batch": 220, "batches": 235, "recordings": 469, "elapsed_seconds": 129.2164740562439}
{"batch": 221, "batches": 235, "recordings": 471, "elapsed_seconds": 129.7263367176056}
{"batch": 222, "batches": 235, "recordings": 473, "elapsed_seconds": 130.2479236125946}
{"batch": 223, "batches": 235, "recordings": 475, "elapsed_seconds": 130.77615690231323}
{"batch": 224, "batches": 235, "recordings": 477, "elapsed_seconds": 131.30385947227478}
{"batch": 225, "batches": 235, "recordings": 480, "elapsed_seconds": 132.03233408927917}
{"batch": 226, "batches": 235, "recordings": 482, "elapsed_seconds": 132.54874873161316}
{"batch": 227, "batches": 235, "recordings": 484, "elapsed_seconds": 133.08707237243652}
{"batch": 228, "batches": 235, "recordings": 486, "elapsed_seconds": 133.61186289787292}
{"batch": 229, "batches": 235, "recordings": 488, "elapsed_seconds": 134.14422082901}
{"batch": 230, "batches": 235, "recordings": 490, "elapsed_seconds": 134.67078042030334}
{"batch": 231, "batches": 235, "recordings": 492, "elapsed_seconds": 135.19424700737}
{"batch": 232, "batches": 235, "recordings": 494, "elapsed_seconds": 135.7030966281891}
{"batch": 233, "batches": 235, "recordings": 497, "elapsed_seconds": 136.44132590293884}
{"batch": 234, "batches": 235, "recordings": 499, "elapsed_seconds": 136.97537302970886}
{"batch": 235, "batches": 235, "recordings": 500, "elapsed_seconds": 137.38070011138916}
