
Dataset dcase2020task3 is being developed......

{"stage": "hashing_actual_waveform_inputs", "files": 500}
/work/zhanghc/Myllm/SELD/EINV2/.venvs/einv2-cu121/lib/python3.10/site-packages/torch/nn/modules/transformer.py:307: UserWarning: enable_nested_tensor is True, but self.use_nested_tensor is False because encoder_layer.self_attn.batch_first was not True(use batch_first for better inference performance)
  warnings.warn(f"enable_nested_tensor is True, but self.use_nested_tensor is False because {why_not_sparsity_fast_path}")
/work/zhanghc/Myllm/SELD/reports/refinement_v2_cross_c0_20260908_r1/runtime/models/einv2/variants/C3/seld/methods/ein_seld/data.py:379: UserWarning: Creating a tensor from a list of numpy.ndarrays is extremely slow. Please consider converting the list to a single numpy.ndarray with numpy.array() before converting to a tensor. (Triggered internally at ../torch/csrc/utils/tensor_new.cpp:278.)
  'waveform': torch.tensor(batch_x, dtype=torch.float32)
/work/zhanghc/Myllm/SELD/reports/refinement_v2_cross_c0_20260908_r1/runtime/models/einv2/variants/C3/seld/methods/ein_seld/data.py:379: UserWarning: Creating a tensor from a list of numpy.ndarrays is extremely slow. Please consider converting the list to a single numpy.ndarray with numpy.array() before converting to a tensor. (Triggered internally at ../torch/csrc/utils/tensor_new.cpp:278.)
  'waveform': torch.tensor(batch_x, dtype=torch.float32)
/work/zhanghc/Myllm/SELD/reports/refinement_v2_cross_c0_20260908_r1/runtime/models/einv2/variants/C3/seld/methods/ein_seld/data.py:379: UserWarning: Creating a tensor from a list of numpy.ndarrays is extremely slow. Please consider converting the list to a single numpy.ndarray with numpy.array() before converting to a tensor. (Triggered internally at ../torch/csrc/utils/tensor_new.cpp:278.)
  'waveform': torch.tensor(batch_x, dtype=torch.float32)
/work/zhanghc/Myllm/SELD/reports/refinement_v2_cross_c0_20260908_r1/runtime/models/einv2/variants/C3/seld/methods/ein_seld/data.py:379: UserWarning: Creating a tensor from a list of numpy.ndarrays is extremely slow. Please consider converting the list to a single numpy.ndarray with numpy.array() before converting to a tensor. (Triggered internally at ../torch/csrc/utils/tensor_new.cpp:278.)
  'waveform': torch.tensor(batch_x, dtype=torch.float32)
{"batch": 1, "batches": 235, "recordings": 2, "elapsed_seconds": 17.36655902862549}
{"batch": 2, "batches": 235, "recordings": 4, "elapsed_seconds": 17.82304048538208}
{"batch": 3, "batches": 235, "recordings": 6, "elapsed_seconds": 18.262332916259766}
{"batch": 4, "batches": 235, "recordings": 8, "elapsed_seconds": 18.699108839035034}
{"batch": 5, "batches": 235, "recordings": 10, "elapsed_seconds": 19.189737796783447}
{"batch": 6, "batches": 235, "recordings": 12, "elapsed_seconds": 19.632853269577026}
{"batch": 7, "batches": 235, "recordings": 14, "elapsed_seconds": 20.071663856506348}
{"batch": 8, "batches": 235, "recordings": 17, "elapsed_seconds": 20.673320293426514}
{"batch": 9, "batches": 235, "recordings": 19, "elapsed_seconds": 21.19599437713623}
{"batch": 10, "batches": 235, "recordings": 21, "elapsed_seconds": 21.621973037719727}
{"batch": 11, "batches": 235, "recordings": 23, "elapsed_seconds": 22.057343006134033}
{"batch": 12, "batches": 235, "recordings": 25, "elapsed_seconds": 22.51951003074646}
{"batch": 13, "batches": 235, "recordings": 27, "elapsed_seconds": 23.063963890075684}
{"batch": 14, "batches": 235, "recordings": 29, "elapsed_seconds": 23.601330280303955}
{"batch": 15, "batches": 235, "recordings": 32, "elapsed_seconds": 24.350711822509766}
{"batch": 16, "batches": 235, "recordings": 34, "elapsed_seconds": 24.87289071083069}
{"batch": 17, "batches": 235, "recordings": 36, "elapsed_seconds": 25.405409574508667}
{"batch": 18, "batches": 235, "recordings": 38, "elapsed_seconds": 25.937952041625977}
{"batch": 19, "batches": 235, "recordings": 40, "elapsed_seconds": 26.472968339920044}
{"batch": 20, "batches": 235, "recordings": 42, "elapsed_seconds": 27.01924705505371}
{"batch": 21, "batches": 235, "recordings": 44, "elapsed_seconds": 27.56061887741089}
{"batch": 22, "batches": 235, "recordings": 46, "elapsed_seconds": 28.073909044265747}
{"batch": 23, "batches": 235, "recordings": 49, "elapsed_seconds": 28.81294822692871}
{"batch": 24, "batches": 235, "recordings": 51, "elapsed_seconds": 29.30915665626526}
{"batch": 25, "batches": 235, "recordings": 53, "elapsed_seconds": 29.74824023246765}
{"batch": 26, "batches": 235, "recordings": 55, "elapsed_seconds": 30.206597328186035}
{"batch": 27, "batches": 235, "recordings": 57, "elapsed_seconds": 30.812758207321167}
{"batch": 28, "batches": 235, "recordings": 59, "elapsed_seconds": 31.262128829956055}
{"batch": 29, "batches": 235, "recordings": 61, "elapsed_seconds": 31.69449210166931}
{"batch": 30, "batches": 235, "recordings": 64, "elapsed_seconds": 32.31122589111328}
{"batch": 31, "batches": 235, "recordings": 66, "elapsed_seconds": 32.759352684020996}
{"batch": 32, "batches": 235, "recordings": 68, "elapsed_seconds": 33.21233773231506}
{"batch": 33, "batches": 235, "recordings": 70, "elapsed_seconds": 33.66127824783325}
{"batch": 34, "batches": 235, "recordings": 72, "elapsed_seconds": 34.09985637664795}
{"batch": 35, "batches": 235, "recordings": 74, "elapsed_seconds": 34.54297614097595}
{"batch": 36, "batches": 235, "recordings": 76, "elapsed_seconds": 35.02065849304199}
{"batch": 37, "batches": 235, "recordings": 78, "elapsed_seconds": 35.546884298324585}
{"batch": 38, "batches": 235, "recordings": 81, "elapsed_seconds": 36.304282903671265}
{"batch": 39, "batches": 235, "recordings": 83, "elapsed_seconds": 36.83825373649597}
{"batch": 40, "batches": 235, "recordings": 85, "elapsed_seconds": 37.365509033203125}
{"batch": 41, "batches": 235, "recordings": 87, "elapsed_seconds": 37.886614084243774}
{"batch": 42, "batches": 235, "recordings": 89, "elapsed_seconds": 38.402507066726685}
{"batch": 43, "batches": 235, "recordings": 91, "elapsed_seconds": 38.921966314315796}
{"batch": 44, "batches": 235, "recordings": 93, "elapsed_seconds": 39.43590331077576}
{"batch": 45, "batches": 235, "recordings": 96, "elapsed_seconds": 40.178444623947144}
{"batch": 46, "batches": 235, "recordings": 98, "elapsed_seconds": 40.705437660217285}
{"batch": 47, "batches": 235, "recordings": 100, "elapsed_seconds": 41.239075660705566}
{"batch": 48, "batches": 235, "recordings": 102, "elapsed_seconds": 41.67165422439575}
{"batch": 49, "batches": 235, "recordings": 104, "elapsed_seconds": 42.12415957450867}
{"batch": 50, "batches": 235, "recordings": 106, "elapsed_seconds": 42.570990800857544}
{"batch": 51, "batches": 235, "recordings": 108, "elapsed_seconds": 43.018189907073975}
{"batch": 52, "batches": 235, "recordings": 110, "elapsed_seconds": 43.462788820266724}
{"batch": 53, "batches": 235, "recordings": 113, "elapsed_seconds": 44.08899283409119}
{"batch": 54, "batches": 235, "recordings": 115, "elapsed_seconds": 44.530911684036255}
{"batch": 55, "batches": 235, "recordings": 117, "elapsed_seconds": 44.976173877716064}
{"batch": 56, "batches": 235, "recordings": 119, "elapsed_seconds": 45.42731189727783}
{"batch": 57, "batches": 235, "recordings": 121, "elapsed_seconds": 45.875839710235596}
{"batch": 58, "batches": 235, "recordings": 123, "elapsed_seconds": 46.32466983795166}
{"batch": 59, "batches": 235, "recordings": 125, "elapsed_seconds": 46.76814913749695}
{"batch": 60, "batches": 235, "recordings": 128, "elapsed_seconds": 47.506311655044556}
{"batch": 61, "batches": 235, "recordings": 130, "elapsed_seconds": 48.045300245285034}
{"batch": 62, "batches": 235, "recordings": 132, "elapsed_seconds": 48.581053256988525}
{"batch": 63, "batches": 235, "recordings": 134, "elapsed_seconds": 49.11473083496094}
{"batch": 64, "batches": 235, "recordings": 136, "elapsed_seconds": 49.63945937156677}
{"batch": 65, "batches": 235, "recordings": 138, "elapsed_seconds": 50.18820071220398}
{"batch": 66, "batches": 235, "recordings": 140, "elapsed_seconds": 50.72307062149048}
{"batch": 67, "batches": 235, "recordings": 142, "elapsed_seconds": 51.249101877212524}
{"batch": 68, "batches": 235, "recordings": 145, "elapsed_seconds": 52.120898723602295}
{"batch": 69, "batches": 235, "recordings": 147, "elapsed_seconds": 52.65628695487976}
{"batch": 70, "batches": 235, "recordings": 149, "elapsed_seconds": 53.19280743598938}
{"batch": 71, "batches": 235, "recordings": 151, "elapsed_seconds": 53.672078371047974}
{"batch": 72, "batches": 235, "recordings": 153, "elapsed_seconds": 54.118114948272705}
{"batch": 73, "batches": 235, "recordings": 155, "elapsed_seconds": 54.5682156085968}
{"batch": 74, "batches": 235, "recordings": 157, "elapsed_seconds": 55.01792073249817}
{"batch": 75, "batches": 235, "recordings": 160, "elapsed_seconds": 55.62367510795593}
{"batch": 76, "batches": 235, "recordings": 162, "elapsed_seconds": 56.075953245162964}
{"batch": 77, "batches": 235, "recordings": 164, "elapsed_seconds": 56.5140221118927}
{"batch": 78, "batches": 235, "recordings": 166, "elapsed_seconds": 56.96034598350525}
{"batch": 79, "batches": 235, "recordings": 168, "elapsed_seconds": 57.41268825531006}
{"batch": 80, "batches": 235, "recordings": 170, "elapsed_seconds": 57.86605191230774}
{"batch": 81, "batches": 235, "recordings": 172, "elapsed_seconds": 58.32227373123169}
{"batch": 82, "batches": 235, "recordings": 174, "elapsed_seconds": 58.76228332519531}
{"batch": 83, "batches": 235, "recordings": 177, "elapsed_seconds": 59.45061898231506}
{"batch": 84, "batches": 235, "recordings": 179, "elapsed_seconds": 59.98867082595825}
{"batch": 85, "batches": 235, "recordings": 181, "elapsed_seconds": 60.539082527160645}
{"batch": 86, "batches": 235, "recordings": 183, "elapsed_seconds": 61.081653118133545}
{"batch": 87, "batches": 235, "recordings": 185, "elapsed_seconds": 61.60853123664856}
{"batch": 88, "batches": 235, "recordings": 187, "elapsed_seconds": 62.19272041320801}
{"batch": 89, "batches": 235, "recordings": 189, "elapsed_seconds": 62.73986840248108}
{"batch": 90, "batches": 235, "recordings": 192, "elapsed_seconds": 63.45834946632385}
{"batch": 91, "batches": 235, "recordings": 194, "elapsed_seconds": 63.99185824394226}
{"batch": 92, "batches": 235, "recordings": 196, "elapsed_seconds": 64.53590607643127}
{"batch": 93, "batches": 235, "recordings": 198, "elapsed_seconds": 65.0671033859253}
{"batch": 94, "batches": 235, "recordings": 200, "elapsed_seconds": 65.5893018245697}
{"batch": 95, "batches": 235, "recordings": 202, "elapsed_seconds": 66.04123759269714}
{"batch": 96, "batches": 235, "recordings": 204, "elapsed_seconds": 66.48273372650146}
{"batch": 97, "batches": 235, "recordings": 206, "elapsed_seconds": 66.91448426246643}
{"batch": 98, "batches": 235, "recordings": 209, "elapsed_seconds": 67.50486969947815}
{"batch": 99, "batches": 235, "recordings": 211, "elapsed_seconds": 67.96249389648438}
{"batch": 100, "batches": 235, "recordings": 213, "elapsed_seconds": 68.41593742370605}
{"batch": 101, "batches": 235, "recordings": 215, "elapsed_seconds": 68.8512237071991}
{"batch": 102, "batches": 235, "recordings": 217, "elapsed_seconds": 69.28744316101074}
{"batch": 103, "batches": 235, "recordings": 219, "elapsed_seconds": 69.71741485595703}
{"batch": 104, "batches": 235, "recordings": 221, "elapsed_seconds": 70.14865517616272}
{"batch": 105, "batches": 235, "recordings": 224, "elapsed_seconds": 70.74200892448425}
{"batch": 106, "batches": 235, "recordings": 226, "elapsed_seconds": 71.26768469810486}
{"batch": 107, "batches": 235, "recordings": 228, "elapsed_seconds": 71.77608942985535}
{"batch": 108, "batches": 235, "recordings": 230, "elapsed_seconds": 72.29100370407104}
{"batch": 109, "batches": 235, "recordings": 232, "elapsed_seconds": 72.8122181892395}
{"batch": 110, "batches": 235, "recordings": 234, "elapsed_seconds": 73.3664402961731}
{"batch": 111, "batches": 235, "recordings": 236, "elapsed_seconds": 73.88606023788452}
{"batch": 112, "batches": 235, "recordings": 238, "elapsed_seconds": 74.40290307998657}
{"batch": 113, "batches": 235, "recordings": 241, "elapsed_seconds": 75.15223407745361}
{"batch": 114, "batches": 235, "recordings": 243, "elapsed_seconds": 75.68875360488892}
{"batch": 115, "batches": 235, "recordings": 245, "elapsed_seconds": 76.23120260238647}
{"batch": 116, "batches": 235, "recordings": 247, "elapsed_seconds": 76.7579128742218}
{"batch": 117, "batches": 235, "recordings": 249, "elapsed_seconds": 77.29223251342773}
{"batch": 118, "batches": 235, "recordings": 251, "elapsed_seconds": 77.80443286895752}
{"batch": 119, "batches": 235, "recordings": 253, "elapsed_seconds": 78.25500988960266}
{"batch": 120, "batches": 235, "recordings": 256, "elapsed_seconds": 78.97399997711182}
{"batch": 121, "batches": 235, "recordings": 258, "elapsed_seconds": 79.40453767776489}
{"batch": 122, "batches": 235, "recordings": 260, "elapsed_seconds": 79.83662939071655}
{"batch": 123, "batches": 235, "recordings": 262, "elapsed_seconds": 80.2902319431305}
{"batch": 124, "batches": 235, "recordings": 264, "elapsed_seconds": 80.73890733718872}
{"batch": 125, "batches": 235, "recordings": 266, "elapsed_seconds": 81.19491457939148}
{"batch": 126, "batches": 235, "recordings": 268, "elapsed_seconds": 81.63993382453918}
{"batch": 127, "batches": 235, "recordings": 270, "elapsed_seconds": 82.07564425468445}
{"batch": 128, "batches": 235, "recordings": 273, "elapsed_seconds": 82.67319893836975}
{"batch": 129, "batches": 235, "recordings": 275, "elapsed_seconds": 83.11980271339417}
{"batch": 130, "batches": 235, "recordings": 277, "elapsed_seconds": 83.6486828327179}
{"batch": 131, "batches": 235, "recordings": 279, "elapsed_seconds": 84.18643546104431}
{"batch": 132, "batches": 235, "recordings": 281, "elapsed_seconds": 84.71173334121704}
{"batch": 133, "batches": 235, "recordings": 283, "elapsed_seconds": 85.26120781898499}
{"batch": 134, "batches": 235, "recordings": 285, "elapsed_seconds": 85.79501152038574}
{"batch": 135, "batches": 235, "recordings": 288, "elapsed_seconds": 86.5026924610138}
{"batch": 136, "batches": 235, "recordings": 290, "elapsed_seconds": 87.04434514045715}
{"batch": 137, "batches": 235, "recordings": 292, "elapsed_seconds": 87.57686805725098}
{"batch": 138, "batches": 235, "recordings": 294, "elapsed_seconds": 88.08502864837646}
{"batch": 139, "batches": 235, "recordings": 296, "elapsed_seconds": 88.60253119468689}
{"batch": 140, "batches": 235, "recordings": 298, "elapsed_seconds": 89.14288973808289}
{"batch": 141, "batches": 235, "recordings": 300, "elapsed_seconds": 89.67775654792786}
{"batch": 142, "batches": 235, "recordings": 302, "elapsed_seconds": 90.10898685455322}
{"batch": 143, "batches": 235, "recordings": 305, "elapsed_seconds": 90.7175133228302}
{"batch": 144, "batches": 235, "recordings": 307, "elapsed_seconds": 91.15974521636963}
{"batch": 145, "batches": 235, "recordings": 309, "elapsed_seconds": 91.59231233596802}
{"batch": 146, "batches": 235, "recordings": 311, "elapsed_seconds": 92.02934288978577}
{"batch": 147, "batches": 235, "recordings": 313, "elapsed_seconds": 92.47403573989868}
{"batch": 148, "batches": 235, "recordings": 315, "elapsed_seconds": 92.90459609031677}
{"batch": 149, "batches": 235, "recordings": 317, "elapsed_seconds": 93.35021686553955}
{"batch": 150, "batches": 235, "recordings": 320, "elapsed_seconds": 93.96562457084656}
{"batch": 151, "batches": 235, "recordings": 322, "elapsed_seconds": 94.38452887535095}
{"batch": 152, "batches": 235, "recordings": 324, "elapsed_seconds": 94.82426285743713}
{"batch": 153, "batches": 235, "recordings": 326, "elapsed_seconds": 95.29870843887329}
{"batch": 154, "batches": 235, "recordings": 328, "elapsed_seconds": 95.82596206665039}
{"batch": 155, "batches": 235, "recordings": 330, "elapsed_seconds": 96.34956169128418}
{"batch": 156, "batches": 235, "recordings": 332, "elapsed_seconds": 96.8728575706482}
{"batch": 157, "batches": 235, "recordings": 334, "elapsed_seconds": 97.38070249557495}
{"batch": 158, "batches": 235, "recordings": 337, "elapsed_seconds": 98.1023302078247}
{"batch": 159, "batches": 235, "recordings": 339, "elapsed_seconds": 98.61251711845398}
{"batch": 160, "batches": 235, "recordings": 341, "elapsed_seconds": 99.12318253517151}
{"batch": 161, "batches": 235, "recordings": 343, "elapsed_seconds": 99.63599133491516}
{"batch": 162, "batches": 235, "recordings": 345, "elapsed_seconds": 100.15057444572449}
{"batch": 163, "batches": 235, "recordings": 347, "elapsed_seconds": 100.6924147605896}
{"batch": 164, "batches": 235, "recordings": 349, "elapsed_seconds": 101.20969843864441}
{"batch": 165, "batches": 235, "recordings": 352, "elapsed_seconds": 101.83686065673828}
{"batch": 166, "batches": 235, "recordings": 354, "elapsed_seconds": 102.28430366516113}
{"batch": 167, "batches": 235, "recordings": 356, "elapsed_seconds": 102.72145533561707}
{"batch": 168, "batches": 235, "recordings": 358, "elapsed_seconds": 103.16543769836426}
{"batch": 169, "batches": 235, "recordings": 360, "elapsed_seconds": 103.59414505958557}
{"batch": 170, "batches": 235, "recordings": 362, "elapsed_seconds": 104.02534317970276}
{"batch": 171, "batches": 235, "recordings": 364, "elapsed_seconds": 104.46597003936768}
{"batch": 172, "batches": 235, "recordings": 366, "elapsed_seconds": 104.89969873428345}
{"batch": 173, "batches": 235, "recordings": 369, "elapsed_seconds": 105.49171805381775}
{"batch": 174, "batches": 235, "recordings": 371, "elapsed_seconds": 105.94184494018555}
{"batch": 175, "batches": 235, "recordings": 373, "elapsed_seconds": 106.3691074848175}
{"batch": 176, "batches": 235, "recordings": 375, "elapsed_seconds": 106.82416892051697}
{"batch": 177, "batches": 235, "recordings": 377, "elapsed_seconds": 107.33953070640564}
{"batch": 178, "batches": 235, "recordings": 379, "elapsed_seconds": 107.85820484161377}
{"batch": 179, "batches": 235, "recordings": 381, "elapsed_seconds": 108.37420201301575}
{"batch": 180, "batches": 235, "recordings": 384, "elapsed_seconds": 109.09125089645386}
{"batch": 181, "batches": 235, "recordings": 386, "elapsed_seconds": 109.6127016544342}
{"batch": 182, "batches": 235, "recordings": 388, "elapsed_seconds": 110.15643620491028}
{"batch": 183, "batches": 235, "recordings": 390, "elapsed_seconds": 110.66849255561829}
{"batch": 184, "batches": 235, "recordings": 392, "elapsed_seconds": 111.20336127281189}
{"batch": 185, "batches": 235, "recordings": 394, "elapsed_seconds": 111.85430002212524}
{"batch": 186, "batches": 235, "recordings": 396, "elapsed_seconds": 112.36932516098022}
{"batch": 187, "batches": 235, "recordings": 398, "elapsed_seconds": 112.88270783424377}
{"batch": 188, "batches": 235, "recordings": 401, "elapsed_seconds": 113.56701421737671}
{"batch": 189, "batches": 235, "recordings": 403, "elapsed_seconds": 114.02211666107178}
{"batch": 190, "batches": 235, "recordings": 405, "elapsed_seconds": 114.46479773521423}
{"batch": 191, "batches": 235, "recordings": 407, "elapsed_seconds": 114.90536570549011}
{"batch": 192, "batches": 235, "recordings": 409, "elapsed_seconds": 115.34935188293457}
{"batch": 193, "batches": 235, "recordings": 411, "elapsed_seconds": 115.78542590141296}
{"batch": 194, "batches": 235, "recordings": 413, "elapsed_seconds": 116.2787811756134}
{"batch": 195, "batches": 235, "recordings": 416, "elapsed_seconds": 116.88090205192566}
{"batch": 196, "batches": 235, "recordings": 418, "elapsed_seconds": 117.32081699371338}
{"batch": 197, "batches": 235, "recordings": 420, "elapsed_seconds": 117.75997233390808}
{"batch": 198, "batches": 235, "recordings": 422, "elapsed_seconds": 118.20728349685669}
{"batch": 199, "batches": 235, "recordings": 424, "elapsed_seconds": 118.65093636512756}
{"batch": 200, "batches": 235, "recordings": 426, "elapsed_seconds": 119.09122467041016}
{"batch": 201, "batches": 235, "recordings": 428, "elapsed_seconds": 119.53115463256836}
{"batch": 202, "batches": 235, "recordings": 430, "elapsed_seconds": 119.98077392578125}
{"batch": 203, "batches": 235, "recordings": 433, "elapsed_seconds": 120.58536386489868}
{"batch": 204, "batches": 235, "recordings": 435, "elapsed_seconds": 121.04779720306396}
{"batch": 205, "batches": 235, "recordings": 437, "elapsed_seconds": 121.49208378791809}
{"batch": 206, "batches": 235, "recordings": 439, "elapsed_seconds": 121.93712568283081}
{"batch": 207, "batches": 235, "recordings": 441, "elapsed_seconds": 122.39871621131897}
{"batch": 208, "batches": 235, "recordings": 443, "elapsed_seconds": 122.84830904006958}
{"batch": 209, "batches": 235, "recordings": 445, "elapsed_seconds": 123.29254031181335}
{"batch": 210, "batches": 235, "recordings": 448, "elapsed_seconds": 123.89121699333191}
{"batch": 211, "batches": 235, "recordings": 450, "elapsed_seconds": 124.34701633453369}
{"batch": 212, "batches": 235, "recordings": 452, "elapsed_seconds": 124.90375113487244}
{"batch": 213, "batches": 235, "recordings": 454, "elapsed_seconds": 125.4552731513977}
{"batch": 214, "batches": 235, "recordings": 456, "elapsed_seconds": 125.97770643234253}
{"batch": 215, "batches": 235, "recordings": 458, "elapsed_seconds": 126.51861119270325}
{"batch": 216, "batches": 235, "recordings": 460, "elapsed_seconds": 127.04511880874634}
{"batch": 217, "batches": 235, "recordings": 462, "elapsed_seconds": 127.56824612617493}
{"batch": 218, "batches": 235, "recordings": 465, "elapsed_seconds": 128.30827450752258}
{"batch": 219, "batches": 235, "recordings": 467, "elapsed_seconds": 128.82348036766052}
{"batch": 220, "batches": 235, "recordings": 469, "elapsed_seconds": 129.35187005996704}
{"batch": 221, "batches": 235, "recordings": 471, "elapsed_seconds": 129.8590362071991}
{"batch": 222, "batches": 235, "recordings": 473, "elapsed_seconds": 130.39294147491455}
{"batch": 223, "batches": 235, "recordings": 475, "elapsed_seconds": 130.92154026031494}
{"batch": 224, "batches": 235, "recordings": 477, "elapsed_seconds": 131.44955372810364}
{"batch": 225, "batches": 235, "recordings": 480, "elapsed_seconds": 132.17849898338318}
{"batch": 226, "batches": 235, "recordings": 482, "elapsed_seconds": 132.69353199005127}
{"batch": 227, "batches": 235, "recordings": 484, "elapsed_seconds": 133.22887206077576}
{"batch": 228, "batches": 235, "recordings": 486, "elapsed_seconds": 133.74824905395508}
{"batch": 229, "batches": 235, "recordings": 488, "elapsed_seconds": 134.2724621295929}
{"batch": 230, "batches": 235, "recordings": 490, "elapsed_seconds": 134.7947015762329}
{"batch": 231, "batches": 235, "recordings": 492, "elapsed_seconds": 135.31756258010864}
{"batch": 232, "batches": 235, "recordings": 494, "elapsed_seconds": 135.82396531105042}
{"batch": 233, "batches": 235, "recordings": 497, "elapsed_seconds": 136.55534601211548}
{"batch": 234, "batches": 235, "recordings": 499, "elapsed_seconds": 137.08549761772156}
{"batch": 235, "batches": 235, "recordings": 500, "elapsed_seconds": 137.57915949821472}
