
Dataset dcase2020task3 is being developed......

{"stage": "hashing_actual_waveform_inputs", "files": 500}
/work/zhanghc/Myllm/SELD/EINV2/.venvs/einv2-cu121/lib/python3.10/site-packages/torch/nn/modules/transformer.py:307: UserWarning: enable_nested_tensor is True, but self.use_nested_tensor is False because encoder_layer.self_attn.batch_first was not True(use batch_first for better inference performance)
  warnings.warn(f"enable_nested_tensor is True, but self.use_nested_tensor is False because {why_not_sparsity_fast_path}")
/work/zhanghc/Myllm/SELD/reports/baseline_repeat_recovery_20260909/runtime/models/einv2/variants/C3/seld/methods/ein_seld/data.py:379: UserWarning: Creating a tensor from a list of numpy.ndarrays is extremely slow. Please consider converting the list to a single numpy.ndarray with numpy.array() before converting to a tensor. (Triggered internally at ../torch/csrc/utils/tensor_new.cpp:278.)
  'waveform': torch.tensor(batch_x, dtype=torch.float32)
/work/zhanghc/Myllm/SELD/reports/baseline_repeat_recovery_20260909/runtime/models/einv2/variants/C3/seld/methods/ein_seld/data.py:379: UserWarning: Creating a tensor from a list of numpy.ndarrays is extremely slow. Please consider converting the list to a single numpy.ndarray with numpy.array() before converting to a tensor. (Triggered internally at ../torch/csrc/utils/tensor_new.cpp:278.)
  'waveform': torch.tensor(batch_x, dtype=torch.float32)
/work/zhanghc/Myllm/SELD/reports/baseline_repeat_recovery_20260909/runtime/models/einv2/variants/C3/seld/methods/ein_seld/data.py:379: UserWarning: Creating a tensor from a list of numpy.ndarrays is extremely slow. Please consider converting the list to a single numpy.ndarray with numpy.array() before converting to a tensor. (Triggered internally at ../torch/csrc/utils/tensor_new.cpp:278.)
  'waveform': torch.tensor(batch_x, dtype=torch.float32)
/work/zhanghc/Myllm/SELD/reports/baseline_repeat_recovery_20260909/runtime/models/einv2/variants/C3/seld/methods/ein_seld/data.py:379: UserWarning: Creating a tensor from a list of numpy.ndarrays is extremely slow. Please consider converting the list to a single numpy.ndarray with numpy.array() before converting to a tensor. (Triggered internally at ../torch/csrc/utils/tensor_new.cpp:278.)
  'waveform': torch.tensor(batch_x, dtype=torch.float32)
{"batch": 1, "batches": 235, "recordings": 2, "elapsed_seconds": 15.42165207862854}
{"batch": 2, "batches": 235, "recordings": 4, "elapsed_seconds": 15.875346183776855}
{"batch": 3, "batches": 235, "recordings": 6, "elapsed_seconds": 16.300374746322632}
{"batch": 4, "batches": 235, "recordings": 8, "elapsed_seconds": 16.735087871551514}
{"batch": 5, "batches": 235, "recordings": 10, "elapsed_seconds": 17.186785459518433}
{"batch": 6, "batches": 235, "recordings": 12, "elapsed_seconds": 17.622913122177124}
{"batch": 7, "batches": 235, "recordings": 14, "elapsed_seconds": 18.059518814086914}
{"batch": 8, "batches": 235, "recordings": 17, "elapsed_seconds": 18.65480613708496}
{"batch": 9, "batches": 235, "recordings": 19, "elapsed_seconds": 19.110101222991943}
{"batch": 10, "batches": 235, "recordings": 21, "elapsed_seconds": 19.532020330429077}
{"batch": 11, "batches": 235, "recordings": 23, "elapsed_seconds": 19.96419596672058}
{"batch": 12, "batches": 235, "recordings": 25, "elapsed_seconds": 20.409839391708374}
{"batch": 13, "batches": 235, "recordings": 27, "elapsed_seconds": 20.95750069618225}
{"batch": 14, "batches": 235, "recordings": 29, "elapsed_seconds": 21.47680640220642}
{"batch": 15, "batches": 235, "recordings": 32, "elapsed_seconds": 22.213358879089355}
{"batch": 16, "batches": 235, "recordings": 34, "elapsed_seconds": 22.736372470855713}
{"batch": 17, "batches": 235, "recordings": 36, "elapsed_seconds": 23.265710830688477}
{"batch": 18, "batches": 235, "recordings": 38, "elapsed_seconds": 23.798423767089844}
{"batch": 19, "batches": 235, "recordings": 40, "elapsed_seconds": 24.349503993988037}
{"batch": 20, "batches": 235, "recordings": 42, "elapsed_seconds": 24.892919301986694}
{"batch": 21, "batches": 235, "recordings": 44, "elapsed_seconds": 25.43170428276062}
{"batch": 22, "batches": 235, "recordings": 46, "elapsed_seconds": 25.93721055984497}
{"batch": 23, "batches": 235, "recordings": 49, "elapsed_seconds": 26.676260709762573}
{"batch": 24, "batches": 235, "recordings": 51, "elapsed_seconds": 27.168271780014038}
{"batch": 25, "batches": 235, "recordings": 53, "elapsed_seconds": 27.605245113372803}
{"batch": 26, "batches": 235, "recordings": 55, "elapsed_seconds": 28.04332995414734}
{"batch": 27, "batches": 235, "recordings": 57, "elapsed_seconds": 28.48380136489868}
{"batch": 28, "batches": 235, "recordings": 59, "elapsed_seconds": 28.927727222442627}
{"batch": 29, "batches": 235, "recordings": 61, "elapsed_seconds": 29.481850147247314}
{"batch": 30, "batches": 235, "recordings": 64, "elapsed_seconds": 30.086992263793945}
{"batch": 31, "batches": 235, "recordings": 66, "elapsed_seconds": 30.531046867370605}
{"batch": 32, "batches": 235, "recordings": 68, "elapsed_seconds": 30.976633071899414}
{"batch": 33, "batches": 235, "recordings": 70, "elapsed_seconds": 31.420788049697876}
{"batch": 34, "batches": 235, "recordings": 72, "elapsed_seconds": 31.848584413528442}
{"batch": 35, "batches": 235, "recordings": 74, "elapsed_seconds": 32.28308987617493}
{"batch": 36, "batches": 235, "recordings": 76, "elapsed_seconds": 32.763333797454834}
{"batch": 37, "batches": 235, "recordings": 78, "elapsed_seconds": 33.294625759124756}
{"batch": 38, "batches": 235, "recordings": 81, "elapsed_seconds": 34.045825719833374}
{"batch": 39, "batches": 235, "recordings": 83, "elapsed_seconds": 34.581374406814575}
{"batch": 40, "batches": 235, "recordings": 85, "elapsed_seconds": 35.1044499874115}
{"batch": 41, "batches": 235, "recordings": 87, "elapsed_seconds": 35.62053179740906}
{"batch": 42, "batches": 235, "recordings": 89, "elapsed_seconds": 36.13542580604553}
{"batch": 43, "batches": 235, "recordings": 91, "elapsed_seconds": 36.65458631515503}
{"batch": 44, "batches": 235, "recordings": 93, "elapsed_seconds": 37.168349266052246}
{"batch": 45, "batches": 235, "recordings": 96, "elapsed_seconds": 37.911614179611206}
{"batch": 46, "batches": 235, "recordings": 98, "elapsed_seconds": 38.439398527145386}
{"batch": 47, "batches": 235, "recordings": 100, "elapsed_seconds": 38.96156668663025}
{"batch": 48, "batches": 235, "recordings": 102, "elapsed_seconds": 39.392083168029785}
{"batch": 49, "batches": 235, "recordings": 104, "elapsed_seconds": 39.83848834037781}
{"batch": 50, "batches": 235, "recordings": 106, "elapsed_seconds": 40.289305686950684}
{"batch": 51, "batches": 235, "recordings": 108, "elapsed_seconds": 40.73581290245056}
{"batch": 52, "batches": 235, "recordings": 110, "elapsed_seconds": 41.17491292953491}
{"batch": 53, "batches": 235, "recordings": 113, "elapsed_seconds": 41.78928995132446}
{"batch": 54, "batches": 235, "recordings": 115, "elapsed_seconds": 42.22842788696289}
{"batch": 55, "batches": 235, "recordings": 117, "elapsed_seconds": 42.67130136489868}
{"batch": 56, "batches": 235, "recordings": 119, "elapsed_seconds": 43.11843967437744}
{"batch": 57, "batches": 235, "recordings": 121, "elapsed_seconds": 43.560059547424316}
{"batch": 58, "batches": 235, "recordings": 123, "elapsed_seconds": 44.003320932388306}
{"batch": 59, "batches": 235, "recordings": 125, "elapsed_seconds": 44.44156455993652}
{"batch": 60, "batches": 235, "recordings": 128, "elapsed_seconds": 45.17557334899902}
{"batch": 61, "batches": 235, "recordings": 130, "elapsed_seconds": 45.70730447769165}
{"batch": 62, "batches": 235, "recordings": 132, "elapsed_seconds": 46.23841381072998}
{"batch": 63, "batches": 235, "recordings": 134, "elapsed_seconds": 46.76343488693237}
{"batch": 64, "batches": 235, "recordings": 136, "elapsed_seconds": 47.290804624557495}
{"batch": 65, "batches": 235, "recordings": 138, "elapsed_seconds": 47.83212971687317}
{"batch": 66, "batches": 235, "recordings": 140, "elapsed_seconds": 48.36419892311096}
{"batch": 67, "batches": 235, "recordings": 142, "elapsed_seconds": 48.88432049751282}
{"batch": 68, "batches": 235, "recordings": 145, "elapsed_seconds": 49.62548041343689}
{"batch": 69, "batches": 235, "recordings": 147, "elapsed_seconds": 50.26846408843994}
{"batch": 70, "batches": 235, "recordings": 149, "elapsed_seconds": 50.79694366455078}
{"batch": 71, "batches": 235, "recordings": 151, "elapsed_seconds": 51.26997661590576}
{"batch": 72, "batches": 235, "recordings": 153, "elapsed_seconds": 51.70868730545044}
{"batch": 73, "batches": 235, "recordings": 155, "elapsed_seconds": 52.15581727027893}
{"batch": 74, "batches": 235, "recordings": 157, "elapsed_seconds": 52.60014820098877}
{"batch": 75, "batches": 235, "recordings": 160, "elapsed_seconds": 53.19672870635986}
{"batch": 76, "batches": 235, "recordings": 162, "elapsed_seconds": 53.644493103027344}
{"batch": 77, "batches": 235, "recordings": 164, "elapsed_seconds": 54.073670625686646}
{"batch": 78, "batches": 235, "recordings": 166, "elapsed_seconds": 54.5119423866272}
{"batch": 79, "batches": 235, "recordings": 168, "elapsed_seconds": 54.95446991920471}
{"batch": 80, "batches": 235, "recordings": 170, "elapsed_seconds": 55.40205121040344}
{"batch": 81, "batches": 235, "recordings": 172, "elapsed_seconds": 55.84401249885559}
{"batch": 82, "batches": 235, "recordings": 174, "elapsed_seconds": 56.27591633796692}
{"batch": 83, "batches": 235, "recordings": 177, "elapsed_seconds": 56.95339751243591}
{"batch": 84, "batches": 235, "recordings": 179, "elapsed_seconds": 57.48468995094299}
{"batch": 85, "batches": 235, "recordings": 181, "elapsed_seconds": 58.02638506889343}
{"batch": 86, "batches": 235, "recordings": 183, "elapsed_seconds": 58.55407691001892}
{"batch": 87, "batches": 235, "recordings": 185, "elapsed_seconds": 59.07544016838074}
{"batch": 88, "batches": 235, "recordings": 187, "elapsed_seconds": 59.61250162124634}
{"batch": 89, "batches": 235, "recordings": 189, "elapsed_seconds": 60.148701190948486}
{"batch": 90, "batches": 235, "recordings": 192, "elapsed_seconds": 60.86235284805298}
{"batch": 91, "batches": 235, "recordings": 194, "elapsed_seconds": 61.395607471466064}
{"batch": 92, "batches": 235, "recordings": 196, "elapsed_seconds": 61.93839979171753}
{"batch": 93, "batches": 235, "recordings": 198, "elapsed_seconds": 62.46937274932861}
{"batch": 94, "batches": 235, "recordings": 200, "elapsed_seconds": 62.9901442527771}
{"batch": 95, "batches": 235, "recordings": 202, "elapsed_seconds": 63.44025444984436}
{"batch": 96, "batches": 235, "recordings": 204, "elapsed_seconds": 63.88405632972717}
{"batch": 97, "batches": 235, "recordings": 206, "elapsed_seconds": 64.3118257522583}
{"batch": 98, "batches": 235, "recordings": 209, "elapsed_seconds": 64.8988127708435}
{"batch": 99, "batches": 235, "recordings": 211, "elapsed_seconds": 65.35457611083984}
{"batch": 100, "batches": 235, "recordings": 213, "elapsed_seconds": 65.80181932449341}
{"batch": 101, "batches": 235, "recordings": 215, "elapsed_seconds": 66.23562693595886}
{"batch": 102, "batches": 235, "recordings": 217, "elapsed_seconds": 66.6712474822998}
{"batch": 103, "batches": 235, "recordings": 219, "elapsed_seconds": 67.11840605735779}
{"batch": 104, "batches": 235, "recordings": 221, "elapsed_seconds": 67.54875135421753}
{"batch": 105, "batches": 235, "recordings": 224, "elapsed_seconds": 68.13706994056702}
{"batch": 106, "batches": 235, "recordings": 226, "elapsed_seconds": 68.62910032272339}
{"batch": 107, "batches": 235, "recordings": 228, "elapsed_seconds": 69.13518786430359}
{"batch": 108, "batches": 235, "recordings": 230, "elapsed_seconds": 69.64913392066956}
{"batch": 109, "batches": 235, "recordings": 232, "elapsed_seconds": 70.16160559654236}
{"batch": 110, "batches": 235, "recordings": 234, "elapsed_seconds": 70.72103381156921}
{"batch": 111, "batches": 235, "recordings": 236, "elapsed_seconds": 71.23488068580627}
{"batch": 112, "batches": 235, "recordings": 238, "elapsed_seconds": 71.75014686584473}
{"batch": 113, "batches": 235, "recordings": 241, "elapsed_seconds": 72.49462842941284}
{"batch": 114, "batches": 235, "recordings": 243, "elapsed_seconds": 73.02644300460815}
{"batch": 115, "batches": 235, "recordings": 245, "elapsed_seconds": 73.53640842437744}
{"batch": 116, "batches": 235, "recordings": 247, "elapsed_seconds": 74.0640344619751}
{"batch": 117, "batches": 235, "recordings": 249, "elapsed_seconds": 74.59320402145386}
{"batch": 118, "batches": 235, "recordings": 251, "elapsed_seconds": 75.21976900100708}
{"batch": 119, "batches": 235, "recordings": 253, "elapsed_seconds": 75.67064809799194}
{"batch": 120, "batches": 235, "recordings": 256, "elapsed_seconds": 76.25957465171814}
{"batch": 121, "batches": 235, "recordings": 258, "elapsed_seconds": 76.68733882904053}
{"batch": 122, "batches": 235, "recordings": 260, "elapsed_seconds": 77.12227892875671}
{"batch": 123, "batches": 235, "recordings": 262, "elapsed_seconds": 77.57549095153809}
{"batch": 124, "batches": 235, "recordings": 264, "elapsed_seconds": 78.02145838737488}
{"batch": 125, "batches": 235, "recordings": 266, "elapsed_seconds": 78.45755791664124}
{"batch": 126, "batches": 235, "recordings": 268, "elapsed_seconds": 78.89883375167847}
{"batch": 127, "batches": 235, "recordings": 270, "elapsed_seconds": 79.33239698410034}
{"batch": 128, "batches": 235, "recordings": 273, "elapsed_seconds": 79.92811417579651}
{"batch": 129, "batches": 235, "recordings": 275, "elapsed_seconds": 80.37197375297546}
{"batch": 130, "batches": 235, "recordings": 277, "elapsed_seconds": 80.90052366256714}
{"batch": 131, "batches": 235, "recordings": 279, "elapsed_seconds": 81.4390287399292}
{"batch": 132, "batches": 235, "recordings": 281, "elapsed_seconds": 81.96320366859436}
{"batch": 133, "batches": 235, "recordings": 283, "elapsed_seconds": 82.50537610054016}
{"batch": 134, "batches": 235, "recordings": 285, "elapsed_seconds": 83.03483080863953}
{"batch": 135, "batches": 235, "recordings": 288, "elapsed_seconds": 83.74581360816956}
{"batch": 136, "batches": 235, "recordings": 290, "elapsed_seconds": 84.28435039520264}
{"batch": 137, "batches": 235, "recordings": 292, "elapsed_seconds": 84.81459140777588}
{"batch": 138, "batches": 235, "recordings": 294, "elapsed_seconds": 85.32280373573303}
{"batch": 139, "batches": 235, "recordings": 296, "elapsed_seconds": 85.8346848487854}
{"batch": 140, "batches": 235, "recordings": 298, "elapsed_seconds": 86.37525486946106}
{"batch": 141, "batches": 235, "recordings": 300, "elapsed_seconds": 86.90299868583679}
{"batch": 142, "batches": 235, "recordings": 302, "elapsed_seconds": 87.34701943397522}
{"batch": 143, "batches": 235, "recordings": 305, "elapsed_seconds": 87.95291495323181}
{"batch": 144, "batches": 235, "recordings": 307, "elapsed_seconds": 88.3949556350708}
{"batch": 145, "batches": 235, "recordings": 309, "elapsed_seconds": 88.81821775436401}
{"batch": 146, "batches": 235, "recordings": 311, "elapsed_seconds": 89.25161409378052}
{"batch": 147, "batches": 235, "recordings": 313, "elapsed_seconds": 89.69369912147522}
{"batch": 148, "batches": 235, "recordings": 315, "elapsed_seconds": 90.12493085861206}
{"batch": 149, "batches": 235, "recordings": 317, "elapsed_seconds": 90.56931781768799}
{"batch": 150, "batches": 235, "recordings": 320, "elapsed_seconds": 91.18455910682678}
{"batch": 151, "batches": 235, "recordings": 322, "elapsed_seconds": 91.60241913795471}
{"batch": 152, "batches": 235, "recordings": 324, "elapsed_seconds": 92.04324889183044}
{"batch": 153, "batches": 235, "recordings": 326, "elapsed_seconds": 92.5161395072937}
{"batch": 154, "batches": 235, "recordings": 328, "elapsed_seconds": 93.04132199287415}
{"batch": 155, "batches": 235, "recordings": 330, "elapsed_seconds": 93.56163883209229}
{"batch": 156, "batches": 235, "recordings": 332, "elapsed_seconds": 94.08701491355896}
{"batch": 157, "batches": 235, "recordings": 334, "elapsed_seconds": 94.60204339027405}
{"batch": 158, "batches": 235, "recordings": 337, "elapsed_seconds": 95.32782936096191}
{"batch": 159, "batches": 235, "recordings": 339, "elapsed_seconds": 95.83764314651489}
{"batch": 160, "batches": 235, "recordings": 341, "elapsed_seconds": 96.3491780757904}
{"batch": 161, "batches": 235, "recordings": 343, "elapsed_seconds": 96.85951137542725}
{"batch": 162, "batches": 235, "recordings": 345, "elapsed_seconds": 97.39495301246643}
{"batch": 163, "batches": 235, "recordings": 347, "elapsed_seconds": 97.93576693534851}
{"batch": 164, "batches": 235, "recordings": 349, "elapsed_seconds": 98.45582175254822}
{"batch": 165, "batches": 235, "recordings": 352, "elapsed_seconds": 99.08347368240356}
{"batch": 166, "batches": 235, "recordings": 354, "elapsed_seconds": 99.52779269218445}
{"batch": 167, "batches": 235, "recordings": 356, "elapsed_seconds": 99.96247243881226}
{"batch": 168, "batches": 235, "recordings": 358, "elapsed_seconds": 100.40363812446594}
{"batch": 169, "batches": 235, "recordings": 360, "elapsed_seconds": 100.82697010040283}
{"batch": 170, "batches": 235, "recordings": 362, "elapsed_seconds": 101.25478672981262}
{"batch": 171, "batches": 235, "recordings": 364, "elapsed_seconds": 101.69286584854126}
{"batch": 172, "batches": 235, "recordings": 366, "elapsed_seconds": 102.12594318389893}
{"batch": 173, "batches": 235, "recordings": 369, "elapsed_seconds": 102.71311783790588}
{"batch": 174, "batches": 235, "recordings": 371, "elapsed_seconds": 103.16231226921082}
{"batch": 175, "batches": 235, "recordings": 373, "elapsed_seconds": 103.58513259887695}
{"batch": 176, "batches": 235, "recordings": 375, "elapsed_seconds": 104.10027527809143}
{"batch": 177, "batches": 235, "recordings": 377, "elapsed_seconds": 104.60736989974976}
{"batch": 178, "batches": 235, "recordings": 379, "elapsed_seconds": 105.1221182346344}
{"batch": 179, "batches": 235, "recordings": 381, "elapsed_seconds": 105.63693928718567}
{"batch": 180, "batches": 235, "recordings": 384, "elapsed_seconds": 106.37115240097046}
{"batch": 181, "batches": 235, "recordings": 386, "elapsed_seconds": 106.89161729812622}
{"batch": 182, "batches": 235, "recordings": 388, "elapsed_seconds": 107.54723644256592}
{"batch": 183, "batches": 235, "recordings": 390, "elapsed_seconds": 108.05138158798218}
{"batch": 184, "batches": 235, "recordings": 392, "elapsed_seconds": 108.58257842063904}
{"batch": 185, "batches": 235, "recordings": 394, "elapsed_seconds": 109.08223605155945}
{"batch": 186, "batches": 235, "recordings": 396, "elapsed_seconds": 109.6006269454956}
{"batch": 187, "batches": 235, "recordings": 398, "elapsed_seconds": 110.11606550216675}
{"batch": 188, "batches": 235, "recordings": 401, "elapsed_seconds": 110.78518795967102}
{"batch": 189, "batches": 235, "recordings": 403, "elapsed_seconds": 111.21896409988403}
{"batch": 190, "batches": 235, "recordings": 405, "elapsed_seconds": 111.66038084030151}
{"batch": 191, "batches": 235, "recordings": 407, "elapsed_seconds": 112.10121870040894}
{"batch": 192, "batches": 235, "recordings": 409, "elapsed_seconds": 112.54017853736877}
{"batch": 193, "batches": 235, "recordings": 411, "elapsed_seconds": 112.97561383247375}
{"batch": 194, "batches": 235, "recordings": 413, "elapsed_seconds": 113.41196084022522}
{"batch": 195, "batches": 235, "recordings": 416, "elapsed_seconds": 114.00650000572205}
{"batch": 196, "batches": 235, "recordings": 418, "elapsed_seconds": 114.44540905952454}
{"batch": 197, "batches": 235, "recordings": 420, "elapsed_seconds": 114.88020706176758}
{"batch": 198, "batches": 235, "recordings": 422, "elapsed_seconds": 115.32233619689941}
{"batch": 199, "batches": 235, "recordings": 424, "elapsed_seconds": 115.76076936721802}
{"batch": 200, "batches": 235, "recordings": 426, "elapsed_seconds": 116.19960927963257}
{"batch": 201, "batches": 235, "recordings": 428, "elapsed_seconds": 116.6424605846405}
{"batch": 202, "batches": 235, "recordings": 430, "elapsed_seconds": 117.09400391578674}
{"batch": 203, "batches": 235, "recordings": 433, "elapsed_seconds": 117.69730472564697}
{"batch": 204, "batches": 235, "recordings": 435, "elapsed_seconds": 118.13883900642395}
{"batch": 205, "batches": 235, "recordings": 437, "elapsed_seconds": 118.57822966575623}
{"batch": 206, "batches": 235, "recordings": 439, "elapsed_seconds": 119.01373481750488}
{"batch": 207, "batches": 235, "recordings": 441, "elapsed_seconds": 119.46634793281555}
{"batch": 208, "batches": 235, "recordings": 443, "elapsed_seconds": 119.90892481803894}
{"batch": 209, "batches": 235, "recordings": 445, "elapsed_seconds": 120.34583330154419}
{"batch": 210, "batches": 235, "recordings": 448, "elapsed_seconds": 120.93391585350037}
{"batch": 211, "batches": 235, "recordings": 450, "elapsed_seconds": 121.37903690338135}
{"batch": 212, "batches": 235, "recordings": 452, "elapsed_seconds": 121.89076662063599}
{"batch": 213, "batches": 235, "recordings": 454, "elapsed_seconds": 122.4215738773346}
{"batch": 214, "batches": 235, "recordings": 456, "elapsed_seconds": 122.9439640045166}
{"batch": 215, "batches": 235, "recordings": 458, "elapsed_seconds": 123.47824788093567}
{"batch": 216, "batches": 235, "recordings": 460, "elapsed_seconds": 124.00394320487976}
{"batch": 217, "batches": 235, "recordings": 462, "elapsed_seconds": 124.5282609462738}
{"batch": 218, "batches": 235, "recordings": 465, "elapsed_seconds": 125.26942133903503}
{"batch": 219, "batches": 235, "recordings": 467, "elapsed_seconds": 125.78516864776611}
{"batch": 220, "batches": 235, "recordings": 469, "elapsed_seconds": 126.3163857460022}
{"batch": 221, "batches": 235, "recordings": 471, "elapsed_seconds": 126.82505249977112}
{"batch": 222, "batches": 235, "recordings": 473, "elapsed_seconds": 127.34348487854004}
{"batch": 223, "batches": 235, "recordings": 475, "elapsed_seconds": 127.87043190002441}
{"batch": 224, "batches": 235, "recordings": 477, "elapsed_seconds": 128.39364528656006}
{"batch": 225, "batches": 235, "recordings": 480, "elapsed_seconds": 129.1181845664978}
{"batch": 226, "batches": 235, "recordings": 482, "elapsed_seconds": 129.6317548751831}
{"batch": 227, "batches": 235, "recordings": 484, "elapsed_seconds": 130.16313934326172}
{"batch": 228, "batches": 235, "recordings": 486, "elapsed_seconds": 130.68110346794128}
{"batch": 229, "batches": 235, "recordings": 488, "elapsed_seconds": 131.20453906059265}
{"batch": 230, "batches": 235, "recordings": 490, "elapsed_seconds": 131.7253921031952}
{"batch": 231, "batches": 235, "recordings": 492, "elapsed_seconds": 132.24708199501038}
{"batch": 232, "batches": 235, "recordings": 494, "elapsed_seconds": 132.75348043441772}
{"batch": 233, "batches": 235, "recordings": 497, "elapsed_seconds": 133.4845404624939}
{"batch": 234, "batches": 235, "recordings": 499, "elapsed_seconds": 134.013530254364}
{"batch": 235, "batches": 235, "recordings": 500, "elapsed_seconds": 134.31331849098206}
